Command line invocation:
    /Applications/Xcode.app/Contents/Developer/usr/bin/xcodebuild -workspace osx-ide.xcodeproj/project.xcworkspace -scheme osx-ide -configuration Debug build

Resolve Package Graph


Resolved source packages:
  SwiftTreeSitter: https://github.com/ChimeHQ/SwiftTreeSitter @ 0.25.0
  TreeSitterSwift: /Users/jack/Projects/osx/osx-ide/Packages/TreeSitterSwift @ local
  TreeSitter: https://github.com/tree-sitter/tree-sitter @ 0.25.10

--- xcodebuild: WARNING: Using the first of multiple matching destinations:
{ platform:macOS, arch:arm64, id:00008132-000C704002B9001C, name:My Mac }
{ platform:macOS, arch:x86_64, id:00008132-000C704002B9001C, name:My Mac }
{ platform:macOS, name:Any Mac }
ComputePackagePrebuildTargetDependencyGraph

Prepare packages

CreateBuildRequest

SendProjectDescription

CreateBuildOperation

ComputeTargetDependencyGraph
note: Building targets in dependency order
note: Target dependency graph (9 targets)
    Target 'osx-ide' in project 'osx-ide'
        ➜ Explicit dependency on target 'TreeSitterSwift' in project 'TreeSitterSwift'
        ➜ Explicit dependency on target 'SwiftTreeSitter' in project 'SwiftTreeSitter'
    Target 'SwiftTreeSitter' in project 'SwiftTreeSitter'
        ➜ Explicit dependency on target 'SwiftTreeSitter' in project 'SwiftTreeSitter'
        ➜ Explicit dependency on target 'TreeSitter' in project 'TreeSitter'
    Target 'SwiftTreeSitter' in project 'SwiftTreeSitter'
        ➜ Explicit dependency on target 'TreeSitter' in project 'TreeSitter'
    Target 'TreeSitterSwift' in project 'TreeSitterSwift'
        ➜ Explicit dependency on target 'TreeSitterSwift' in project 'TreeSitterSwift'
        ➜ Explicit dependency on target 'TreeSitterSwift_TreeSitterSwift' in project 'TreeSitterSwift'
        ➜ Explicit dependency on target 'TreeSitterSwiftC' in project 'TreeSitterSwift'
        ➜ Explicit dependency on target 'TreeSitter' in project 'TreeSitter'
    Target 'TreeSitterSwift' in project 'TreeSitterSwift'
        ➜ Explicit dependency on target 'TreeSitterSwift_TreeSitterSwift' in project 'TreeSitterSwift'
        ➜ Explicit dependency on target 'TreeSitterSwiftC' in project 'TreeSitterSwift'
        ➜ Explicit dependency on target 'TreeSitter' in project 'TreeSitter'
    Target 'TreeSitterSwiftC' in project 'TreeSitterSwift'
        ➜ Explicit dependency on target 'TreeSitter' in project 'TreeSitter'
    Target 'TreeSitter' in project 'TreeSitter'
        ➜ Explicit dependency on target 'TreeSitter' in project 'TreeSitter'
    Target 'TreeSitter' in project 'TreeSitter' (no dependencies)
    Target 'TreeSitterSwift_TreeSitterSwift' in project 'TreeSitterSwift' (no dependencies)

GatherProvisioningInputs

CreateBuildDescription

ExecuteExternalTool /Applications/Xcode.app/Contents/Developer/Toolchains/XcodeDefault.xctoolchain/usr/bin/clang -v -E -dM -isysroot /Applications/Xcode.app/Contents/Developer/Platforms/MacOSX.platform/Developer/SDKs/MacOSX26.2.sdk -x c -c /dev/null

ExecuteExternalTool /Applications/Xcode.app/Contents/Developer/Toolchains/XcodeDefault.xctoolchain/usr/bin/clang -v -E -dM -arch arm64 -isysroot /Applications/Xcode.app/Contents/Developer/Platforms/MacOSX.platform/Developer/SDKs/MacOSX26.2.sdk -x c -c /dev/null

ExecuteExternalTool /Applications/Xcode.app/Contents/Developer/Toolchains/XcodeDefault.xctoolchain/usr/bin/swiftc --version

ExecuteExternalTool /Applications/Xcode.app/Contents/Developer/usr/bin/actool --version --output-format xml1

ExecuteExternalTool /Applications/Xcode.app/Contents/Developer/Toolchains/XcodeDefault.xctoolchain/usr/bin/ld -version_details

ReadFileContents /Applications/Xcode.app/Contents/Developer/Toolchains/XcodeDefault.xctoolchain/usr/share/docc/features.json

Build description signature: 7027919a1b5d46b34e85fb4419b65b24
Build description path: /Users/jack/Library/Developer/Xcode/DerivedData/osx-ide-eoaklgmzoruiukhbgdkrilmnzybq/Build/Intermediates.noindex/XCBuildData/7027919a1b5d46b34e85fb4419b65b24.xcbuilddata
ClangStatCache /Applications/Xcode.app/Contents/Developer/Toolchains/XcodeDefault.xctoolchain/usr/bin/clang-stat-cache /Applications/Xcode.app/Contents/Developer/Platforms/MacOSX.platform/Developer/SDKs/MacOSX26.2.sdk /Users/jack/Library/Developer/Xcode/DerivedData/SDKStatCaches.noindex/macosx26.2-25C57-00fa09913b459cbbc988d1f6730289ae.sdkstatcache
    cd /Users/jack/Projects/osx/osx-ide/osx-ide.xcodeproj
    /Applications/Xcode.app/Contents/Developer/Toolchains/XcodeDefault.xctoolchain/usr/bin/clang-stat-cache /Applications/Xcode.app/Contents/Developer/Platforms/MacOSX.platform/Developer/SDKs/MacOSX26.2.sdk -o /Users/jack/Library/Developer/Xcode/DerivedData/SDKStatCaches.noindex/macosx26.2-25C57-00fa09913b459cbbc988d1f6730289ae.sdkstatcache

ProcessInfoPlistFile /Users/jack/Library/Developer/Xcode/DerivedData/osx-ide-eoaklgmzoruiukhbgdkrilmnzybq/Build/Products/Debug/TreeSitterSwift_TreeSitterSwift.bundle/Contents/Info.plist /Users/jack/Library/Developer/Xcode/DerivedData/osx-ide-eoaklgmzoruiukhbgdkrilmnzybq/Build/Intermediates.noindex/TreeSitterSwift.build/Debug/TreeSitterSwift_TreeSitterSwift.build/empty-TreeSitterSwift_TreeSitterSwift.plist (in target 'TreeSitterSwift_TreeSitterSwift' from project 'TreeSitterSwift')
    cd /Users/jack/Projects/osx/osx-ide/Packages/TreeSitterSwift
    builtin-infoPlistUtility /Users/jack/Library/Developer/Xcode/DerivedData/osx-ide-eoaklgmzoruiukhbgdkrilmnzybq/Build/Intermediates.noindex/TreeSitterSwift.build/Debug/TreeSitterSwift_TreeSitterSwift.build/empty-TreeSitterSwift_TreeSitterSwift.plist -producttype com.apple.product-type.bundle -expandbuildsettings -platform macosx -o /Users/jack/Library/Developer/Xcode/DerivedData/osx-ide-eoaklgmzoruiukhbgdkrilmnzybq/Build/Products/Debug/TreeSitterSwift_TreeSitterSwift.bundle/Contents/Info.plist

ProcessProductPackaging /Users/jack/Projects/osx/osx-ide/osx-ide/osx_ide.entitlements /Users/jack/Library/Developer/Xcode/DerivedData/osx-ide-eoaklgmzoruiukhbgdkrilmnzybq/Build/Intermediates.noindex/osx-ide.build/Debug/osx-ide.build/osx-ide.app.xcent (in target 'osx-ide' from project 'osx-ide')
    cd /Users/jack/Projects/osx/osx-ide
    
    Entitlements:
    
    {
    "com.apple.security.app-sandbox" = 0;
    "com.apple.security.cs.allow-dyld-environment-variables" = 1;
    "com.apple.security.cs.allow-jit" = 1;
    "com.apple.security.cs.allow-unsigned-executable-memory" = 1;
    "com.apple.security.cs.disable-library-validation" = 1;
    "com.apple.security.files.user-selected.read-only" = 1;
    "com.apple.security.get-task-allow" = 1;
}
    
    builtin-productPackagingUtility /Users/jack/Projects/osx/osx-ide/osx-ide/osx_ide.entitlements -entitlements -format xml -o /Users/jack/Library/Developer/Xcode/DerivedData/osx-ide-eoaklgmzoruiukhbgdkrilmnzybq/Build/Intermediates.noindex/osx-ide.build/Debug/osx-ide.build/osx-ide.app.xcent

SwiftDriver SwiftTreeSitter normal arm64 com.apple.xcode.tools.swift.compiler (in target 'SwiftTreeSitter' from project 'SwiftTreeSitter')
    cd /Users/jack/Projects/osx/osx-ide/osx-ide.xcodeproj
    builtin-SwiftDriver -- /Applications/Xcode.app/Contents/Developer/Toolchains/XcodeDefault.xctoolchain/usr/bin/swiftc -module-name SwiftTreeSitter -Onone -enforce-exclusivity\=checked @/Users/jack/Library/Developer/Xcode/DerivedData/osx-ide-eoaklgmzoruiukhbgdkrilmnzybq/Build/Intermediates.noindex/SwiftTreeSitter.build/Debug/SwiftTreeSitter.build/Objects-normal/arm64/SwiftTreeSitter.SwiftFileList -DSWIFT_PACKAGE -DDEBUG -DSWIFT_MODULE_RESOURCE_BUNDLE_UNAVAILABLE -Xcc -fmodule-map-file\=/Users/jack/Library/Developer/Xcode/DerivedData/osx-ide-eoaklgmzoruiukhbgdkrilmnzybq/Build/Intermediates.noindex/GeneratedModuleMaps/TreeSitter.modulemap -DXcode -enable-experimental-feature StrictConcurrency -plugin-path /Applications/Xcode.app/Contents/Developer/Toolchains/XcodeDefault.xctoolchain/usr/lib/swift/host/plugins/testing -enable-experimental-feature DebugDescriptionMacro -sdk /Applications/Xcode.app/Contents/Developer/Platforms/MacOSX.platform/Developer/SDKs/MacOSX26.2.sdk -target arm64-apple-macos10.13 -g -module-cache-path /Users/jack/Library/Developer/Xcode/DerivedData/ModuleCache.noindex -Xfrontend -serialize-debugging-options -profile-coverage-mapping -profile-generate -enable-testing -suppress-warnings -index-store-path /Users/jack/Library/Developer/Xcode/DerivedData/osx-ide-eoaklgmzoruiukhbgdkrilmnzybq/Index.noindex/DataStore -Xcc -D_LIBCPP_HARDENING_MODE\=_LIBCPP_HARDENING_MODE_DEBUG -swift-version 5 -I /Users/jack/Library/Developer/Xcode/DerivedData/osx-ide-eoaklgmzoruiukhbgdkrilmnzybq/Build/Products/Debug -Isystem /Applications/Xcode.app/Contents/Developer/Platforms/MacOSX.platform/Developer/usr/lib -F /Users/jack/Library/Developer/Xcode/DerivedData/osx-ide-eoaklgmzoruiukhbgdkrilmnzybq/Build/Products/Debug/PackageFrameworks -F /Users/jack/Library/Developer/Xcode/DerivedData/osx-ide-eoaklgmzoruiukhbgdkrilmnzybq/Build/Products/Debug -F /Applications/Xcode.app/Contents/Developer/Platforms/MacOSX.platform/Developer/Library/Frameworks -c -j10 -enable-batch-mode -incremental -Xcc -ivfsstatcache -Xcc /Users/jack/Library/Developer/Xcode/DerivedData/SDKStatCaches.noindex/macosx26.2-25C57-00fa09913b459cbbc988d1f6730289ae.sdkstatcache -output-file-map /Users/jack/Library/Developer/Xcode/DerivedData/osx-ide-eoaklgmzoruiukhbgdkrilmnzybq/Build/Intermediates.noindex/SwiftTreeSitter.build/Debug/SwiftTreeSitter.build/Objects-normal/arm64/SwiftTreeSitter-OutputFileMap.json -use-frontend-parseable-output -save-temps -no-color-diagnostics -explicit-module-build -module-cache-path /Users/jack/Library/Developer/Xcode/DerivedData/osx-ide-eoaklgmzoruiukhbgdkrilmnzybq/Build/Intermediates.noindex/SwiftExplicitPrecompiledModules -clang-scanner-module-cache-path /Users/jack/Library/Developer/Xcode/DerivedData/ModuleCache.noindex -sdk-module-cache-path /Users/jack/Library/Developer/Xcode/DerivedData/ModuleCache.noindex -serialize-diagnostics -emit-dependencies -emit-module -emit-module-path /Users/jack/Library/Developer/Xcode/DerivedData/osx-ide-eoaklgmzoruiukhbgdkrilmnzybq/Build/Intermediates.noindex/SwiftTreeSitter.build/Debug/SwiftTreeSitter.build/Objects-normal/arm64/SwiftTreeSitter.swiftmodule -validate-clang-modules-once -clang-build-session-file /Users/jack/Library/Developer/Xcode/DerivedData/ModuleCache.noindex/Session.modulevalidation -package-name swifttreesitter -Xcc -I/Users/jack/Library/Developer/Xcode/DerivedData/osx-ide-eoaklgmzoruiukhbgdkrilmnzybq/Build/Intermediates.noindex/SwiftTreeSitter.build/Debug/SwiftTreeSitter.build/swift-overrides.hmap -emit-const-values -Xfrontend -const-gather-protocols-file -Xfrontend /Users/jack/Library/Developer/Xcode/DerivedData/osx-ide-eoaklgmzoruiukhbgdkrilmnzybq/Build/Intermediates.noindex/SwiftTreeSitter.build/Debug/SwiftTreeSitter.build/Objects-normal/arm64/SwiftTreeSitter_const_extract_protocols.json -Xcc -I/Users/jack/Library/Developer/Xcode/DerivedData/osx-ide-eoaklgmzoruiukhbgdkrilmnzybq/SourcePackages/checkouts/tree-sitter/lib/include -Xcc -I/Users/jack/Library/Developer/Xcode/DerivedData/osx-ide-eoaklgmzoruiukhbgdkrilmnzybq/Build/Products/Debug/include -Xcc -I/Users/jack/Library/Developer/Xcode/DerivedData/osx-ide-eoaklgmzoruiukhbgdkrilmnzybq/Build/Intermediates.noindex/SwiftTreeSitter.build/Debug/SwiftTreeSitter.build/DerivedSources-normal/arm64 -Xcc -I/Users/jack/Library/Developer/Xcode/DerivedData/osx-ide-eoaklgmzoruiukhbgdkrilmnzybq/Build/Intermediates.noindex/SwiftTreeSitter.build/Debug/SwiftTreeSitter.build/DerivedSources/arm64 -Xcc -I/Users/jack/Library/Developer/Xcode/DerivedData/osx-ide-eoaklgmzoruiukhbgdkrilmnzybq/Build/Intermediates.noindex/SwiftTreeSitter.build/Debug/SwiftTreeSitter.build/DerivedSources -Xcc -DSWIFT_PACKAGE -Xcc -DDEBUG\=1 -emit-objc-header -emit-objc-header-path /Users/jack/Library/Developer/Xcode/DerivedData/osx-ide-eoaklgmzoruiukhbgdkrilmnzybq/Build/Intermediates.noindex/SwiftTreeSitter.build/Debug/SwiftTreeSitter.build/Objects-normal/arm64/SwiftTreeSitter-Swift.h -working-directory /Users/jack/Projects/osx/osx-ide/osx-ide.xcodeproj -experimental-emit-module-separately -disable-cmo

ProcessProductPackagingDER /Users/jack/Library/Developer/Xcode/DerivedData/osx-ide-eoaklgmzoruiukhbgdkrilmnzybq/Build/Intermediates.noindex/osx-ide.build/Debug/osx-ide.build/osx-ide.app.xcent /Users/jack/Library/Developer/Xcode/DerivedData/osx-ide-eoaklgmzoruiukhbgdkrilmnzybq/Build/Intermediates.noindex/osx-ide.build/Debug/osx-ide.build/osx-ide.app.xcent.der (in target 'osx-ide' from project 'osx-ide')
    cd /Users/jack/Projects/osx/osx-ide
    /usr/bin/derq query -f xml -i /Users/jack/Library/Developer/Xcode/DerivedData/osx-ide-eoaklgmzoruiukhbgdkrilmnzybq/Build/Intermediates.noindex/osx-ide.build/Debug/osx-ide.build/osx-ide.app.xcent -o /Users/jack/Library/Developer/Xcode/DerivedData/osx-ide-eoaklgmzoruiukhbgdkrilmnzybq/Build/Intermediates.noindex/osx-ide.build/Debug/osx-ide.build/osx-ide.app.xcent.der --raw

CompileC /Users/jack/Library/Developer/Xcode/DerivedData/osx-ide-eoaklgmzoruiukhbgdkrilmnzybq/Build/Intermediates.noindex/TreeSitterSwift.build/Debug/TreeSitterSwiftC.build/Objects-normal/arm64/parser.o /Users/jack/Projects/osx/osx-ide/Packages/TreeSitterSwift/Sources/TreeSitterSwiftC/src/parser.c normal arm64 c com.apple.compilers.llvm.clang.1_0.compiler (in target 'TreeSitterSwiftC' from project 'TreeSitterSwift')
    cd /Users/jack/Projects/osx/osx-ide/osx-ide.xcodeproj
    
    Using response file: /Users/jack/Library/Developer/Xcode/DerivedData/osx-ide-eoaklgmzoruiukhbgdkrilmnzybq/Build/Intermediates.noindex/TreeSitterSwift.build/Debug/TreeSitterSwiftC.build/Objects-normal/arm64/7187679823f38a2a940e0043cdf9d637-common-args.resp
    
    /Applications/Xcode.app/Contents/Developer/Toolchains/XcodeDefault.xctoolchain/usr/bin/clang -x c -ivfsstatcache /Users/jack/Library/Developer/Xcode/DerivedData/SDKStatCaches.noindex/macosx26.2-25C57-00fa09913b459cbbc988d1f6730289ae.sdkstatcache -fmessage-length\=0 -fdiagnostics-show-note-include-stack -fmacro-backtrace-limit\=0 -fno-color-diagnostics -fmodules-prune-interval\=86400 -fmodules-prune-after\=345600 -fbuild-session-file\=/Users/jack/Library/Developer/Xcode/DerivedData/ModuleCache.noindex/Session.modulevalidation -fmodules-validate-once-per-build-session -Wnon-modular-include-in-framework-module -Werror\=non-modular-include-in-framework-module -Wno-trigraphs -Wno-missing-field-initializers -Wno-missing-prototypes -Wno-return-type -Wno-missing-braces -Wparentheses -Wswitch -Wno-unused-function -Wno-unused-label -Wno-unused-parameter -Wno-unused-variable -Wunused-value -Wno-empty-body -Wno-uninitialized -Wno-unknown-pragmas -w -Wno-shadow -Wno-four-char-constants -Wno-conversion -Wno-constant-conversion -Wno-int-conversion -Wno-bool-conversion -Wno-enum-conversion -Wno-float-conversion -Wno-non-literal-null-conversion -Wno-objc-literal-conversion -Wshorten-64-to-32 -Wpointer-sign -Wno-newline-eof -Wno-implicit-fallthrough -fstrict-aliasing -Wdeprecated-declarations -Wno-sign-conversion -Wno-infinite-recursion -Wno-comma -Wno-block-capture-autoreleasing -Wno-strict-prototypes -Wno-semicolon-before-method-body -index-store-path /Users/jack/Library/Developer/Xcode/DerivedData/osx-ide-eoaklgmzoruiukhbgdkrilmnzybq/Index.noindex/DataStore @/Users/jack/Library/Developer/Xcode/DerivedData/osx-ide-eoaklgmzoruiukhbgdkrilmnzybq/Build/Intermediates.noindex/TreeSitterSwift.build/Debug/TreeSitterSwiftC.build/Objects-normal/arm64/7187679823f38a2a940e0043cdf9d637-common-args.resp -MMD -MT dependencies -MF /Users/jack/Library/Developer/Xcode/DerivedData/osx-ide-eoaklgmzoruiukhbgdkrilmnzybq/Build/Intermediates.noindex/TreeSitterSwift.build/Debug/TreeSitterSwiftC.build/Objects-normal/arm64/parser.d --serialize-diagnostics /Users/jack/Library/Developer/Xcode/DerivedData/osx-ide-eoaklgmzoruiukhbgdkrilmnzybq/Build/Intermediates.noindex/TreeSitterSwift.build/Debug/TreeSitterSwiftC.build/Objects-normal/arm64/parser.dia -c /Users/jack/Projects/osx/osx-ide/Packages/TreeSitterSwift/Sources/TreeSitterSwiftC/src/parser.c -o /Users/jack/Library/Developer/Xcode/DerivedData/osx-ide-eoaklgmzoruiukhbgdkrilmnzybq/Build/Intermediates.noindex/TreeSitterSwift.build/Debug/TreeSitterSwiftC.build/Objects-normal/arm64/parser.o -index-unit-output-path /TreeSitterSwift.build/Debug/TreeSitterSwiftC.build/Objects-normal/arm64/parser.o
Failed frontend command:
/Applications/Xcode.app/Contents/Developer/Toolchains/XcodeDefault.xctoolchain/usr/bin/clang -cc1 -Wundef-prefix\=TARGET_OS_ -fdiagnostics-show-note-include-stack -fmacro-backtrace-limit\=0 -fmessage-length\=61 -w -ferror-limit 19 -serialize-diagnostic-file /Users/jack/Library/Developer/Xcode/DerivedData/osx-ide-eoaklgmzoruiukhbgdkrilmnzybq/Build/Intermediates.noindex/TreeSitterSwift.build/Debug/TreeSitterSwiftC.build/Objects-normal/arm64/parser.dia -fcolor-diagnostics -Wdeprecated-objc-isa-usage -Werror\=deprecated-objc-isa-usage -Werror\=implicit-function-declaration -Wnon-modular-include-in-framework-module -Werror\=non-modular-include-in-framework-module -Wno-trigraphs -Wno-missing-field-initializers -Wno-missing-prototypes -Wno-return-type -Wno-missing-braces -Wparentheses -Wswitch -Wno-unused-function -Wno-unused-label -Wno-unused-parameter -Wno-unused-variable -Wunused-value -Wno-empty-body -Wno-uninitialized -Wno-unknown-pragmas -Wno-shadow -Wno-four-char-constants -Wno-conversion -Wno-constant-conversion -Wno-int-conversion -Wno-bool-conversion -Wno-enum-conversion -Wno-float-conversion -Wno-non-literal-null-conversion -Wno-objc-literal-conversion -Wshorten-64-to-32 -Wpointer-sign -Wno-newline-eof -Wno-implicit-fallthrough -Wdeprecated-declarations -Wno-sign-conversion -Wno-infinite-recursion -Wno-comma -Wno-block-capture-autoreleasing -Wno-strict-prototypes -Wno-semicolon-before-method-body -Wno-reorder-init-list -Wno-implicit-int-float-conversion -Wno-c99-designator -Wno-final-dtor-non-final-class -Wno-extra-semi-stmt -Wno-misleading-indentation -Wno-quoted-include-in-framework-header -Wno-implicit-fallthrough -Wno-enum-enum-conversion -Wno-enum-float-conversion -Wno-elaborated-enum-base -index-store-path /Users/jack/Library/Developer/Xcode/DerivedData/osx-ide-eoaklgmzoruiukhbgdkrilmnzybq/Index.noindex/DataStore -index-unit-output-path /TreeSitterSwift.build/Debug/TreeSitterSwiftC.build/Objects-normal/arm64/parser.o -fmodule-map-file\=/Users/jack/Library/Developer/Xcode/DerivedData/osx-ide-eoaklgmzoruiukhbgdkrilmnzybq/Build/Intermediates.noindex/GeneratedModuleMaps/TreeSitter.modulemap -fmodule-map-file\=/Applications/Xcode.app/Contents/Developer/Toolchains/XcodeDefault.xctoolchain/usr/lib/clang/17/include/module.modulemap -fmodule-map-file\=/Applications/Xcode.app/Contents/Developer/Toolchains/XcodeDefault.xctoolchain/usr/lib/clang/17/include/module.modulemap -fmodule-map-file\=/Applications/Xcode.app/Contents/Developer/Platforms/MacOSX.platform/Developer/SDKs/MacOSX.sdk/usr/include/DarwinFoundation3.modulemap -o /Users/jack/Library/Developer/Xcode/DerivedData/osx-ide-eoaklgmzoruiukhbgdkrilmnzybq/Build/Intermediates.noindex/TreeSitterSwift.build/Debug/TreeSitterSwiftC.build/Objects-normal/arm64/parser.o -disable-free -emit-obj -x c /Users/jack/Projects/osx/osx-ide/Packages/TreeSitterSwift/Sources/TreeSitterSwiftC/src/parser.c -target-abi darwinpcs -target-cpu apple-m1 -target-feature +zcm -target-feature +zcz -target-feature +v8.5a -target-feature +aes -target-feature +altnzcv -target-feature +ccdp -target-feature +complxnum -target-feature +crc -target-feature +dotprod -target-feature +fp-armv8 -target-feature +fp16fml -target-feature +fptoint -target-feature +fullfp16 -target-feature +jsconv -target-feature +lse -target-feature +neon -target-feature +pauth -target-feature +perfmon -target-feature +predres -target-feature +ras -target-feature +rcpc -target-feature +rdm -target-feature +sb -target-feature +sha2 -target-feature +sha3 -target-feature +specrestrict -target-feature +ssbs -triple arm64-apple-macosx10.13.0 -target-linker-version 1230.1 -target-sdk-version\=26.2 -fmodules-validate-system-headers -fno-modulemap-allow-subdirectory-search -isysroot /Applications/Xcode.app/Contents/Developer/Platforms/MacOSX.platform/Developer/SDKs/MacOSX26.2.sdk -resource-dir /Applications/Xcode.app/Contents/Developer/Toolchains/XcodeDefault.xctoolchain/usr/lib/clang/17 -fmodule-format\=obj -fmodule-file\=_Builtin_stdbool\=/Users/jack/Library/Developer/Xcode/DerivedData/osx-ide-eoaklgmzoruiukhbgdkrilmnzybq/Build/Intermediates.noindex/ExplicitPrecompiledModules/_Builtin_stdbool-F49FLORRSETMSKHTTLIQE8NOA.pcm -fmodule-file\=_Builtin_stdint\=/Users/jack/Library/Developer/Xcode/DerivedData/osx-ide-eoaklgmzoruiukhbgdkrilmnzybq/Build/Intermediates.noindex/ExplicitPrecompiledModules/_Builtin_stdint-1UOG2DC2ARFFC93F9D781DFX0.pcm -fmodule-file\=_DarwinFoundation3\=/Users/jack/Library/Developer/Xcode/DerivedData/osx-ide-eoaklgmzoruiukhbgdkrilmnzybq/Build/Intermediates.noindex/ExplicitPrecompiledModules/_DarwinFoundation3-9XSQ47WI8MTQM7K0PXWEK7A78.pcm -I /Users/jack/Library/Developer/Xcode/DerivedData/osx-ide-eoaklgmzoruiukhbgdkrilmnzybq/SourcePackages/checkouts/tree-sitter/lib/include -I /Users/jack/Library/Developer/Xcode/DerivedData/osx-ide-eoaklgmzoruiukhbgdkrilmnzybq/Build/Products/Debug/include -I /Users/jack/Projects/osx/osx-ide/Packages/TreeSitterSwift/Sources/TreeSitterSwiftC/include -I /Users/jack/Projects/osx/osx-ide/Packages/TreeSitterSwift/Sources/TreeSitterSwiftC/src -I /Users/jack/Library/Developer/Xcode/DerivedData/osx-ide-eoaklgmzoruiukhbgdkrilmnzybq/Build/Intermediates.noindex/TreeSitterSwift.build/Debug/TreeSitterSwiftC.build/DerivedSources-normal/arm64 -I /Users/jack/Library/Developer/Xcode/DerivedData/osx-ide-eoaklgmzoruiukhbgdkrilmnzybq/Build/Intermediates.noindex/TreeSitterSwift.build/Debug/TreeSitterSwiftC.build/DerivedSources/arm64 -I /Users/jack/Library/Developer/Xcode/DerivedData/osx-ide-eoaklgmzoruiukhbgdkrilmnzybq/Build/Intermediates.noindex/TreeSitterSwift.build/Debug/TreeSitterSwiftC.build/DerivedSources -F /Users/jack/Library/Developer/Xcode/DerivedData/osx-ide-eoaklgmzoruiukhbgdkrilmnzybq/Build/Products/Debug/PackageFrameworks -F /Users/jack/Library/Developer/Xcode/DerivedData/osx-ide-eoaklgmzoruiukhbgdkrilmnzybq/Build/Products/Debug -iframework /Applications/Xcode.app/Contents/Developer/Platforms/MacOSX.platform/Developer/Library/Frameworks -internal-isystem /Applications/Xcode.app/Contents/Developer/Platforms/MacOSX.platform/Developer/SDKs/MacOSX26.2.sdk/usr/local/include -internal-isystem /Applications/Xcode.app/Contents/Developer/Toolchains/XcodeDefault.xctoolchain/usr/lib/clang/17/include -internal-externc-isystem /Applications/Xcode.app/Contents/Developer/Platforms/MacOSX.platform/Developer/SDKs/MacOSX26.2.sdk/usr/include -internal-externc-isystem /Applications/Xcode.app/Contents/Developer/Toolchains/XcodeDefault.xctoolchain/usr/include -internal-iframework /Applications/Xcode.app/Contents/Developer/Platforms/MacOSX.platform/Developer/SDKs/MacOSX26.2.sdk/System/Library/Frameworks -internal-iframework /Applications/Xcode.app/Contents/Developer/Platforms/MacOSX.platform/Developer/SDKs/MacOSX26.2.sdk/System/Library/SubFrameworks -internal-iframework /Applications/Xcode.app/Contents/Developer/Platforms/MacOSX.platform/Developer/SDKs/MacOSX26.2.sdk/Library/Frameworks -ivfsstatcache /Users/jack/Library/Developer/Xcode/DerivedData/SDKStatCaches.noindex/macosx26.2-25C57-00fa09913b459cbbc988d1f6730289ae.sdkstatcache -std\=gnu17 -fskip-odr-check-in-gmf -fmodules -fmodule-name\=TreeSitterSwiftC -fno-implicit-modules -fmax-type-align\=16 -fpascal-strings -fstack-check -fvisibility-inlines-hidden-static-local-var -mdarwin-stkchk-strong-link -fno-odr-hash-protocols -pic-level 2 -fencode-extended-block-signature -stack-protector 1 -fgnuc-version\=4.2.1 -fblocks -ffp-contract\=on -fclang-abi-compat\=4.0 -fno-experimental-relative-c++-abi-vtables -fno-file-reproducible -clang-vendor-feature\=+disableNonDependentMemberExprInCurrentInstantiation -clang-vendor-feature\=+enableAggressiveVLAFolding -clang-vendor-feature\=+revert09abecef7bbf -clang-vendor-feature\=+thisNoAlignAttr -clang-vendor-feature\=+thisNoNullAttr -clang-vendor-feature\=+disableAtImportPrivateFrameworkInImplementationError -O0 -fno-assume-unique-vtables -fdebug-compilation-dir\=/Users/jack/Projects/osx/osx-ide/osx-ide.xcodeproj -fcoverage-compilation-dir\=/Users/jack/Projects/osx/osx-ide/osx-ide.xcodeproj -fcoverage-mapping -fcommon -fobjc-msgsend-selector-stubs -fregister-global-dtors-with-atexit -fno-strict-return -dwarf-version\=4 -debugger-tuning\=lldb -disable-llvm-verifier -dwarf-ext-refs -funwind-tables\=1 -fprofile-instrument\=clang -clear-ast-before-backend -discard-value-names -main-file-name parser.c -mframe-pointer\=non-leaf -debug-info-kind\=standalone -fdiagnostics-hotness-threshold\=0 -fdiagnostics-misexpect-tolerance\=0 -D DEBUG\=1 -D SWIFT_PACKAGE -D Xcode -D __GCC_HAVE_DWARF2_CFI_ASM\=1 -fdefine-target-os-macros -MT dependencies -dependency-file /Users/jack/Library/Developer/Xcode/DerivedData/osx-ide-eoaklgmzoruiukhbgdkrilmnzybq/Build/Intermediates.noindex/TreeSitterSwift.build/Debug/TreeSitterSwiftC.build/Objects-normal/arm64/parser.d -skip-unused-modulemap-deps

SwiftDriver osx-ide normal arm64 com.apple.xcode.tools.swift.compiler (in target 'osx-ide' from project 'osx-ide')
    cd /Users/jack/Projects/osx/osx-ide
    builtin-SwiftDriver -- /Applications/Xcode.app/Contents/Developer/Toolchains/XcodeDefault.xctoolchain/usr/bin/swiftc -module-name osx_ide -Onone -enforce-exclusivity\=checked @/Users/jack/Library/Developer/Xcode/DerivedData/osx-ide-eoaklgmzoruiukhbgdkrilmnzybq/Build/Intermediates.noindex/osx-ide.build/Debug/osx-ide.build/Objects-normal/arm64/osx-ide.SwiftFileList -DDEBUG -Xcc -fmodule-map-file\=/Users/jack/Library/Developer/Xcode/DerivedData/osx-ide-eoaklgmzoruiukhbgdkrilmnzybq/Build/Intermediates.noindex/GeneratedModuleMaps/TreeSitterSwiftC.modulemap -Xcc -fmodule-map-file\=/Users/jack/Library/Developer/Xcode/DerivedData/osx-ide-eoaklgmzoruiukhbgdkrilmnzybq/Build/Intermediates.noindex/GeneratedModuleMaps/TreeSitter.modulemap -enable-experimental-feature DebugDescriptionMacro -sdk /Applications/Xcode.app/Contents/Developer/Platforms/MacOSX.platform/Developer/SDKs/MacOSX26.2.sdk -target arm64-apple-macos26.0 -g -module-cache-path /Users/jack/Library/Developer/Xcode/DerivedData/ModuleCache.noindex -Xfrontend -serialize-debugging-options -profile-coverage-mapping -profile-generate -enable-testing -index-store-path /Users/jack/Library/Developer/Xcode/DerivedData/osx-ide-eoaklgmzoruiukhbgdkrilmnzybq/Index.noindex/DataStore -Xcc -D_LIBCPP_HARDENING_MODE\=_LIBCPP_HARDENING_MODE_DEBUG -swift-version 6 -I /Users/jack/Library/Developer/Xcode/DerivedData/osx-ide-eoaklgmzoruiukhbgdkrilmnzybq/Build/Products/Debug -F /Users/jack/Library/Developer/Xcode/DerivedData/osx-ide-eoaklgmzoruiukhbgdkrilmnzybq/Build/Products/Debug/PackageFrameworks -F /Users/jack/Library/Developer/Xcode/DerivedData/osx-ide-eoaklgmzoruiukhbgdkrilmnzybq/Build/Products/Debug/PackageFrameworks -F /Users/jack/Library/Developer/Xcode/DerivedData/osx-ide-eoaklgmzoruiukhbgdkrilmnzybq/Build/Products/Debug/PackageFrameworks -F /Users/jack/Library/Developer/Xcode/DerivedData/osx-ide-eoaklgmzoruiukhbgdkrilmnzybq/Build/Products/Debug/PackageFrameworks -F /Users/jack/Library/Developer/Xcode/DerivedData/osx-ide-eoaklgmzoruiukhbgdkrilmnzybq/Build/Products/Debug -emit-localized-strings -emit-localized-strings-path /Users/jack/Library/Developer/Xcode/DerivedData/osx-ide-eoaklgmzoruiukhbgdkrilmnzybq/Build/Intermediates.noindex/osx-ide.build/Debug/osx-ide.build/Objects-normal/arm64 -c -j10 -enable-batch-mode -incremental -Xcc -ivfsstatcache -Xcc /Users/jack/Library/Developer/Xcode/DerivedData/SDKStatCaches.noindex/macosx26.2-25C57-00fa09913b459cbbc988d1f6730289ae.sdkstatcache -output-file-map /Users/jack/Library/Developer/Xcode/DerivedData/osx-ide-eoaklgmzoruiukhbgdkrilmnzybq/Build/Intermediates.noindex/osx-ide.build/Debug/osx-ide.build/Objects-normal/arm64/osx-ide-OutputFileMap.json -use-frontend-parseable-output -save-temps -no-color-diagnostics -explicit-module-build -module-cache-path /Users/jack/Library/Developer/Xcode/DerivedData/osx-ide-eoaklgmzoruiukhbgdkrilmnzybq/Build/Intermediates.noindex/SwiftExplicitPrecompiledModules -clang-scanner-module-cache-path /Users/jack/Library/Developer/Xcode/DerivedData/ModuleCache.noindex -sdk-module-cache-path /Users/jack/Library/Developer/Xcode/DerivedData/ModuleCache.noindex -serialize-diagnostics -emit-dependencies -emit-module -emit-module-path /Users/jack/Library/Developer/Xcode/DerivedData/osx-ide-eoaklgmzoruiukhbgdkrilmnzybq/Build/Intermediates.noindex/osx-ide.build/Debug/osx-ide.build/Objects-normal/arm64/osx_ide.swiftmodule -validate-clang-modules-once -clang-build-session-file /Users/jack/Library/Developer/Xcode/DerivedData/ModuleCache.noindex/Session.modulevalidation -Xcc -I/Users/jack/Library/Developer/Xcode/DerivedData/osx-ide-eoaklgmzoruiukhbgdkrilmnzybq/Build/Intermediates.noindex/osx-ide.build/Debug/osx-ide.build/swift-overrides.hmap -emit-const-values -Xfrontend -const-gather-protocols-file -Xfrontend /Users/jack/Library/Developer/Xcode/DerivedData/osx-ide-eoaklgmzoruiukhbgdkrilmnzybq/Build/Intermediates.noindex/osx-ide.build/Debug/osx-ide.build/Objects-normal/arm64/osx-ide_const_extract_protocols.json -Xcc -iquote -Xcc /Users/jack/Library/Developer/Xcode/DerivedData/osx-ide-eoaklgmzoruiukhbgdkrilmnzybq/Build/Intermediates.noindex/osx-ide.build/Debug/osx-ide.build/osx-ide-generated-files.hmap -Xcc -I/Users/jack/Library/Developer/Xcode/DerivedData/osx-ide-eoaklgmzoruiukhbgdkrilmnzybq/Build/Intermediates.noindex/osx-ide.build/Debug/osx-ide.build/osx-ide-own-target-headers.hmap -Xcc -I/Users/jack/Library/Developer/Xcode/DerivedData/osx-ide-eoaklgmzoruiukhbgdkrilmnzybq/Build/Intermediates.noindex/osx-ide.build/Debug/osx-ide.build/osx-ide-all-non-framework-target-headers.hmap -Xcc -ivfsoverlay -Xcc /Users/jack/Library/Developer/Xcode/DerivedData/osx-ide-eoaklgmzoruiukhbgdkrilmnzybq/Build/Intermediates.noindex/osx-ide.build/Debug/osx-ide-2f59763a9a1a42e2ac3e3ca4c97d30ac-VFS/all-product-headers.yaml -Xcc -iquote -Xcc /Users/jack/Library/Developer/Xcode/DerivedData/osx-ide-eoaklgmzoruiukhbgdkrilmnzybq/Build/Intermediates.noindex/osx-ide.build/Debug/osx-ide.build/osx-ide-project-headers.hmap -Xcc -I/Users/jack/Projects/osx/osx-ide/Packages/TreeSitterSwift/Sources/TreeSitterSwiftC/include -Xcc -I/Users/jack/Library/Developer/Xcode/DerivedData/osx-ide-eoaklgmzoruiukhbgdkrilmnzybq/SourcePackages/checkouts/tree-sitter/lib/include -Xcc -I/Users/jack/Library/Developer/Xcode/DerivedData/osx-ide-eoaklgmzoruiukhbgdkrilmnzybq/Build/Products/Debug/include -Xcc -I/Users/jack/Library/Developer/Xcode/DerivedData/osx-ide-eoaklgmzoruiukhbgdkrilmnzybq/Build/Intermediates.noindex/osx-ide.build/Debug/osx-ide.build/DerivedSources-normal/arm64 -Xcc -I/Users/jack/Library/Developer/Xcode/DerivedData/osx-ide-eoaklgmzoruiukhbgdkrilmnzybq/Build/Intermediates.noindex/osx-ide.build/Debug/osx-ide.build/DerivedSources/arm64 -Xcc -I/Users/jack/Library/Developer/Xcode/DerivedData/osx-ide-eoaklgmzoruiukhbgdkrilmnzybq/Build/Intermediates.noindex/osx-ide.build/Debug/osx-ide.build/DerivedSources -Xcc -DDEBUG\=1 -emit-objc-header -emit-objc-header-path /Users/jack/Library/Developer/Xcode/DerivedData/osx-ide-eoaklgmzoruiukhbgdkrilmnzybq/Build/Intermediates.noindex/osx-ide.build/Debug/osx-ide.build/Objects-normal/arm64/osx_ide-Swift.h -working-directory /Users/jack/Projects/osx/osx-ide -experimental-emit-module-separately -disable-cmo

LinkAssetCatalog /Users/jack/Projects/osx/osx-ide/osx-ide/Assets.xcassets (in target 'osx-ide' from project 'osx-ide')
    cd /Users/jack/Projects/osx/osx-ide
    builtin-linkAssetCatalog --thinned /Users/jack/Library/Developer/Xcode/DerivedData/osx-ide-eoaklgmzoruiukhbgdkrilmnzybq/Build/Intermediates.noindex/osx-ide.build/Debug/osx-ide.build/assetcatalog_output/thinned --thinned-dependencies /Users/jack/Library/Developer/Xcode/DerivedData/osx-ide-eoaklgmzoruiukhbgdkrilmnzybq/Build/Intermediates.noindex/osx-ide.build/Debug/osx-ide.build/assetcatalog_dependencies_thinned --thinned-info-plist-content /Users/jack/Library/Developer/Xcode/DerivedData/osx-ide-eoaklgmzoruiukhbgdkrilmnzybq/Build/Intermediates.noindex/osx-ide.build/Debug/osx-ide.build/assetcatalog_generated_info.plist_thinned --unthinned /Users/jack/Library/Developer/Xcode/DerivedData/osx-ide-eoaklgmzoruiukhbgdkrilmnzybq/Build/Intermediates.noindex/osx-ide.build/Debug/osx-ide.build/assetcatalog_output/unthinned --unthinned-dependencies /Users/jack/Library/Developer/Xcode/DerivedData/osx-ide-eoaklgmzoruiukhbgdkrilmnzybq/Build/Intermediates.noindex/osx-ide.build/Debug/osx-ide.build/assetcatalog_dependencies_unthinned --unthinned-info-plist-content /Users/jack/Library/Developer/Xcode/DerivedData/osx-ide-eoaklgmzoruiukhbgdkrilmnzybq/Build/Intermediates.noindex/osx-ide.build/Debug/osx-ide.build/assetcatalog_generated_info.plist_unthinned --output /Users/jack/Library/Developer/Xcode/DerivedData/osx-ide-eoaklgmzoruiukhbgdkrilmnzybq/Build/Products/Debug/osx-ide.app/Contents/Resources --plist-output /Users/jack/Library/Developer/Xcode/DerivedData/osx-ide-eoaklgmzoruiukhbgdkrilmnzybq/Build/Intermediates.noindex/osx-ide.build/Debug/osx-ide.build/assetcatalog_generated_info.plist
note: Emplaced /Users/jack/Library/Developer/Xcode/DerivedData/osx-ide-eoaklgmzoruiukhbgdkrilmnzybq/Build/Products/Debug/osx-ide.app/Contents/Resources/Assets.car (in target 'osx-ide' from project 'osx-ide')
note: Emplaced /Users/jack/Library/Developer/Xcode/DerivedData/osx-ide-eoaklgmzoruiukhbgdkrilmnzybq/Build/Products/Debug/osx-ide.app/Contents/Resources/AppIcon.icns (in target 'osx-ide' from project 'osx-ide')

SwiftDriver\ Compilation SwiftTreeSitter normal arm64 com.apple.xcode.tools.swift.compiler (in target 'SwiftTreeSitter' from project 'SwiftTreeSitter')
    cd /Users/jack/Projects/osx/osx-ide/osx-ide.xcodeproj
    builtin-Swift-Compilation -- /Applications/Xcode.app/Contents/Developer/Toolchains/XcodeDefault.xctoolchain/usr/bin/swiftc -module-name SwiftTreeSitter -Onone -enforce-exclusivity\=checked @/Users/jack/Library/Developer/Xcode/DerivedData/osx-ide-eoaklgmzoruiukhbgdkrilmnzybq/Build/Intermediates.noindex/SwiftTreeSitter.build/Debug/SwiftTreeSitter.build/Objects-normal/arm64/SwiftTreeSitter.SwiftFileList -DSWIFT_PACKAGE -DDEBUG -DSWIFT_MODULE_RESOURCE_BUNDLE_UNAVAILABLE -Xcc -fmodule-map-file\=/Users/jack/Library/Developer/Xcode/DerivedData/osx-ide-eoaklgmzoruiukhbgdkrilmnzybq/Build/Intermediates.noindex/GeneratedModuleMaps/TreeSitter.modulemap -DXcode -enable-experimental-feature StrictConcurrency -plugin-path /Applications/Xcode.app/Contents/Developer/Toolchains/XcodeDefault.xctoolchain/usr/lib/swift/host/plugins/testing -enable-experimental-feature DebugDescriptionMacro -sdk /Applications/Xcode.app/Contents/Developer/Platforms/MacOSX.platform/Developer/SDKs/MacOSX26.2.sdk -target arm64-apple-macos10.13 -g -module-cache-path /Users/jack/Library/Developer/Xcode/DerivedData/ModuleCache.noindex -Xfrontend -serialize-debugging-options -profile-coverage-mapping -profile-generate -enable-testing -suppress-warnings -index-store-path /Users/jack/Library/Developer/Xcode/DerivedData/osx-ide-eoaklgmzoruiukhbgdkrilmnzybq/Index.noindex/DataStore -Xcc -D_LIBCPP_HARDENING_MODE\=_LIBCPP_HARDENING_MODE_DEBUG -swift-version 5 -I /Users/jack/Library/Developer/Xcode/DerivedData/osx-ide-eoaklgmzoruiukhbgdkrilmnzybq/Build/Products/Debug -Isystem /Applications/Xcode.app/Contents/Developer/Platforms/MacOSX.platform/Developer/usr/lib -F /Users/jack/Library/Developer/Xcode/DerivedData/osx-ide-eoaklgmzoruiukhbgdkrilmnzybq/Build/Products/Debug/PackageFrameworks -F /Users/jack/Library/Developer/Xcode/DerivedData/osx-ide-eoaklgmzoruiukhbgdkrilmnzybq/Build/Products/Debug -F /Applications/Xcode.app/Contents/Developer/Platforms/MacOSX.platform/Developer/Library/Frameworks -c -j10 -enable-batch-mode -incremental -Xcc -ivfsstatcache -Xcc /Users/jack/Library/Developer/Xcode/DerivedData/SDKStatCaches.noindex/macosx26.2-25C57-00fa09913b459cbbc988d1f6730289ae.sdkstatcache -output-file-map /Users/jack/Library/Developer/Xcode/DerivedData/osx-ide-eoaklgmzoruiukhbgdkrilmnzybq/Build/Intermediates.noindex/SwiftTreeSitter.build/Debug/SwiftTreeSitter.build/Objects-normal/arm64/SwiftTreeSitter-OutputFileMap.json -use-frontend-parseable-output -save-temps -no-color-diagnostics -explicit-module-build -module-cache-path /Users/jack/Library/Developer/Xcode/DerivedData/osx-ide-eoaklgmzoruiukhbgdkrilmnzybq/Build/Intermediates.noindex/SwiftExplicitPrecompiledModules -clang-scanner-module-cache-path /Users/jack/Library/Developer/Xcode/DerivedData/ModuleCache.noindex -sdk-module-cache-path /Users/jack/Library/Developer/Xcode/DerivedData/ModuleCache.noindex -serialize-diagnostics -emit-dependencies -emit-module -emit-module-path /Users/jack/Library/Developer/Xcode/DerivedData/osx-ide-eoaklgmzoruiukhbgdkrilmnzybq/Build/Intermediates.noindex/SwiftTreeSitter.build/Debug/SwiftTreeSitter.build/Objects-normal/arm64/SwiftTreeSitter.swiftmodule -validate-clang-modules-once -clang-build-session-file /Users/jack/Library/Developer/Xcode/DerivedData/ModuleCache.noindex/Session.modulevalidation -package-name swifttreesitter -Xcc -I/Users/jack/Library/Developer/Xcode/DerivedData/osx-ide-eoaklgmzoruiukhbgdkrilmnzybq/Build/Intermediates.noindex/SwiftTreeSitter.build/Debug/SwiftTreeSitter.build/swift-overrides.hmap -emit-const-values -Xfrontend -const-gather-protocols-file -Xfrontend /Users/jack/Library/Developer/Xcode/DerivedData/osx-ide-eoaklgmzoruiukhbgdkrilmnzybq/Build/Intermediates.noindex/SwiftTreeSitter.build/Debug/SwiftTreeSitter.build/Objects-normal/arm64/SwiftTreeSitter_const_extract_protocols.json -Xcc -I/Users/jack/Library/Developer/Xcode/DerivedData/osx-ide-eoaklgmzoruiukhbgdkrilmnzybq/SourcePackages/checkouts/tree-sitter/lib/include -Xcc -I/Users/jack/Library/Developer/Xcode/DerivedData/osx-ide-eoaklgmzoruiukhbgdkrilmnzybq/Build/Products/Debug/include -Xcc -I/Users/jack/Library/Developer/Xcode/DerivedData/osx-ide-eoaklgmzoruiukhbgdkrilmnzybq/Build/Intermediates.noindex/SwiftTreeSitter.build/Debug/SwiftTreeSitter.build/DerivedSources-normal/arm64 -Xcc -I/Users/jack/Library/Developer/Xcode/DerivedData/osx-ide-eoaklgmzoruiukhbgdkrilmnzybq/Build/Intermediates.noindex/SwiftTreeSitter.build/Debug/SwiftTreeSitter.build/DerivedSources/arm64 -Xcc -I/Users/jack/Library/Developer/Xcode/DerivedData/osx-ide-eoaklgmzoruiukhbgdkrilmnzybq/Build/Intermediates.noindex/SwiftTreeSitter.build/Debug/SwiftTreeSitter.build/DerivedSources -Xcc -DSWIFT_PACKAGE -Xcc -DDEBUG\=1 -emit-objc-header -emit-objc-header-path /Users/jack/Library/Developer/Xcode/DerivedData/osx-ide-eoaklgmzoruiukhbgdkrilmnzybq/Build/Intermediates.noindex/SwiftTreeSitter.build/Debug/SwiftTreeSitter.build/Objects-normal/arm64/SwiftTreeSitter-Swift.h -working-directory /Users/jack/Projects/osx/osx-ide/osx-ide.xcodeproj -experimental-emit-module-separately -disable-cmo

Ld /Users/jack/Library/Developer/Xcode/DerivedData/osx-ide-eoaklgmzoruiukhbgdkrilmnzybq/Build/Products/Debug/SwiftTreeSitter.o normal (in target 'SwiftTreeSitter' from project 'SwiftTreeSitter')
    cd /Users/jack/Library/Developer/Xcode/DerivedData/osx-ide-eoaklgmzoruiukhbgdkrilmnzybq/SourcePackages/checkouts/SwiftTreeSitter
    /Applications/Xcode.app/Contents/Developer/Toolchains/XcodeDefault.xctoolchain/usr/bin/clang -Xlinker -reproducible -target arm64-apple-macos10.13 -r -isysroot /Applications/Xcode.app/Contents/Developer/Platforms/MacOSX.platform/Developer/SDKs/MacOSX26.2.sdk -O0 -w -L/Users/jack/Library/Developer/Xcode/DerivedData/osx-ide-eoaklgmzoruiukhbgdkrilmnzybq/Build/Intermediates.noindex/EagerLinkingTBDs/Debug -L/Users/jack/Library/Developer/Xcode/DerivedData/osx-ide-eoaklgmzoruiukhbgdkrilmnzybq/Build/Products/Debug -L/Applications/Xcode.app/Contents/Developer/Platforms/MacOSX.platform/Developer/usr/lib -F/Users/jack/Library/Developer/Xcode/DerivedData/osx-ide-eoaklgmzoruiukhbgdkrilmnzybq/Build/Intermediates.noindex/EagerLinkingTBDs/Debug -F/Users/jack/Library/Developer/Xcode/DerivedData/osx-ide-eoaklgmzoruiukhbgdkrilmnzybq/Build/Products/Debug/PackageFrameworks -F/Users/jack/Library/Developer/Xcode/DerivedData/osx-ide-eoaklgmzoruiukhbgdkrilmnzybq/Build/Products/Debug -iframework /Applications/Xcode.app/Contents/Developer/Platforms/MacOSX.platform/Developer/Library/Frameworks -filelist /Users/jack/Library/Developer/Xcode/DerivedData/osx-ide-eoaklgmzoruiukhbgdkrilmnzybq/Build/Intermediates.noindex/SwiftTreeSitter.build/Debug/SwiftTreeSitter.build/Objects-normal/arm64/SwiftTreeSitter.LinkFileList -nostdlib -Xlinker -object_path_lto -Xlinker /Users/jack/Library/Developer/Xcode/DerivedData/osx-ide-eoaklgmzoruiukhbgdkrilmnzybq/Build/Intermediates.noindex/SwiftTreeSitter.build/Debug/SwiftTreeSitter.build/Objects-normal/arm64/SwiftTreeSitter_lto.o -rdynamic -Xlinker -no_deduplicate -Xlinker -debug_variant -Xlinker -dependency_info -Xlinker /Users/jack/Library/Developer/Xcode/DerivedData/osx-ide-eoaklgmzoruiukhbgdkrilmnzybq/Build/Intermediates.noindex/SwiftTreeSitter.build/Debug/SwiftTreeSitter.build/Objects-normal/arm64/SwiftTreeSitter_dependency_info.dat -fobjc-link-runtime -L/Applications/Xcode.app/Contents/Developer/Toolchains/XcodeDefault.xctoolchain/usr/lib/swift/macosx -L/usr/lib/swift -Xlinker -add_ast_path -Xlinker /Users/jack/Library/Developer/Xcode/DerivedData/osx-ide-eoaklgmzoruiukhbgdkrilmnzybq/Build/Intermediates.noindex/SwiftTreeSitter.build/Debug/SwiftTreeSitter.build/Objects-normal/arm64/SwiftTreeSitter.swiftmodule @/Users/jack/Library/Developer/Xcode/DerivedData/osx-ide-eoaklgmzoruiukhbgdkrilmnzybq/Build/Intermediates.noindex/SwiftTreeSitter.build/Debug/SwiftTreeSitter.build/Objects-normal/arm64/SwiftTreeSitter-linker-args.resp -o /Users/jack/Library/Developer/Xcode/DerivedData/osx-ide-eoaklgmzoruiukhbgdkrilmnzybq/Build/Products/Debug/SwiftTreeSitter.o

ExtractAppIntentsMetadata (in target 'SwiftTreeSitter' from project 'SwiftTreeSitter')
    cd /Users/jack/Library/Developer/Xcode/DerivedData/osx-ide-eoaklgmzoruiukhbgdkrilmnzybq/SourcePackages/checkouts/SwiftTreeSitter
    /Applications/Xcode.app/Contents/Developer/Toolchains/XcodeDefault.xctoolchain/usr/bin/appintentsmetadataprocessor --toolchain-dir /Applications/Xcode.app/Contents/Developer/Toolchains/XcodeDefault.xctoolchain --module-name SwiftTreeSitter --sdk-root /Applications/Xcode.app/Contents/Developer/Platforms/MacOSX.platform/Developer/SDKs/MacOSX26.2.sdk --xcode-version 17C52 --platform-family macOS --deployment-target 10.13 --bundle-identifier swifttreesitter.SwiftTreeSitter --output /Users/jack/Library/Developer/Xcode/DerivedData/osx-ide-eoaklgmzoruiukhbgdkrilmnzybq/Build/Products/Debug/SwiftTreeSitter.appintents --target-triple arm64-apple-macos10.13 --binary-file /Users/jack/Library/Developer/Xcode/DerivedData/osx-ide-eoaklgmzoruiukhbgdkrilmnzybq/Build/Products/Debug/SwiftTreeSitter.o --dependency-file /Users/jack/Library/Developer/Xcode/DerivedData/osx-ide-eoaklgmzoruiukhbgdkrilmnzybq/Build/Intermediates.noindex/SwiftTreeSitter.build/Debug/SwiftTreeSitter.build/Objects-normal/arm64/SwiftTreeSitter_dependency_info.dat --stringsdata-file /Users/jack/Library/Developer/Xcode/DerivedData/osx-ide-eoaklgmzoruiukhbgdkrilmnzybq/Build/Intermediates.noindex/SwiftTreeSitter.build/Debug/SwiftTreeSitter.build/Objects-normal/arm64/ExtractedAppShortcutsMetadata.stringsdata --source-file-list /Users/jack/Library/Developer/Xcode/DerivedData/osx-ide-eoaklgmzoruiukhbgdkrilmnzybq/Build/Intermediates.noindex/SwiftTreeSitter.build/Debug/SwiftTreeSitter.build/Objects-normal/arm64/SwiftTreeSitter.SwiftFileList --metadata-file-list /Users/jack/Library/Developer/Xcode/DerivedData/osx-ide-eoaklgmzoruiukhbgdkrilmnzybq/Build/Intermediates.noindex/SwiftTreeSitter.build/Debug/SwiftTreeSitter.build/SwiftTreeSitter.DependencyMetadataFileList --static-metadata-file-list /Users/jack/Library/Developer/Xcode/DerivedData/osx-ide-eoaklgmzoruiukhbgdkrilmnzybq/Build/Intermediates.noindex/SwiftTreeSitter.build/Debug/SwiftTreeSitter.build/SwiftTreeSitter.DependencyStaticMetadataFileList --swift-const-vals-list /Users/jack/Library/Developer/Xcode/DerivedData/osx-ide-eoaklgmzoruiukhbgdkrilmnzybq/Build/Intermediates.noindex/SwiftTreeSitter.build/Debug/SwiftTreeSitter.build/Objects-normal/arm64/SwiftTreeSitter.SwiftConstValuesFileList --force --compile-time-extraction --deployment-aware-processing --validate-assistant-intents --no-app-shortcuts-localization
2025-12-21 14:05:40.588 appintentsmetadataprocessor[96282:1461867] Starting appintentsmetadataprocessor export
2025-12-21 14:05:40.840 appintentsmetadataprocessor[96282:1461867] Extracted no relevant App Intents symbols, skipping writing output

SwiftCompile normal arm64 Compiling\ MessageListView.swift,\ ModernFileTreeView.swift,\ NativeTerminalEmbedder.swift,\ NativeTerminalView.swift,\ OpenRouterSettingsViewModel.swift /Users/jack/Projects/osx/osx-ide/osx-ide/Components/MessageListView.swift /Users/jack/Projects/osx/osx-ide/osx-ide/Components/ModernFileTreeView.swift /Users/jack/Projects/osx/osx-ide/osx-ide/Components/NativeTerminalEmbedder.swift /Users/jack/Projects/osx/osx-ide/osx-ide/Components/NativeTerminalView.swift /Users/jack/Projects/osx/osx-ide/osx-ide/Components/OpenRouterSettingsViewModel.swift (in target 'osx-ide' from project 'osx-ide')

SwiftCompile normal arm64 /Users/jack/Projects/osx/osx-ide/osx-ide/Components/MessageListView.swift (in target 'osx-ide' from project 'osx-ide')
    cd /Users/jack/Projects/osx/osx-ide
    

SwiftCompile normal arm64 /Users/jack/Projects/osx/osx-ide/osx-ide/Components/ModernFileTreeView.swift (in target 'osx-ide' from project 'osx-ide')
    cd /Users/jack/Projects/osx/osx-ide
    

SwiftCompile normal arm64 /Users/jack/Projects/osx/osx-ide/osx-ide/Components/NativeTerminalEmbedder.swift (in target 'osx-ide' from project 'osx-ide')
    cd /Users/jack/Projects/osx/osx-ide
    

SwiftCompile normal arm64 /Users/jack/Projects/osx/osx-ide/osx-ide/Components/NativeTerminalView.swift (in target 'osx-ide' from project 'osx-ide')
    cd /Users/jack/Projects/osx/osx-ide
    

SwiftCompile normal arm64 /Users/jack/Projects/osx/osx-ide/osx-ide/Components/OpenRouterSettingsViewModel.swift (in target 'osx-ide' from project 'osx-ide')
    cd /Users/jack/Projects/osx/osx-ide
    

SwiftCompile normal arm64 Compiling\ SettingsView.swift,\ SyntaxHighlighter.swift,\ TreeSitterManager.swift,\ WindowAccessor.swift,\ AIMode.swift /Users/jack/Projects/osx/osx-ide/osx-ide/Components/SettingsView.swift /Users/jack/Projects/osx/osx-ide/osx-ide/Components/SyntaxHighlighter.swift /Users/jack/Projects/osx/osx-ide/osx-ide/Components/TreeSitterManager.swift /Users/jack/Projects/osx/osx-ide/osx-ide/Components/WindowAccessor.swift /Users/jack/Projects/osx/osx-ide/osx-ide/Models/AIMode.swift (in target 'osx-ide' from project 'osx-ide')

SwiftCompile normal arm64 /Users/jack/Projects/osx/osx-ide/osx-ide/Components/SettingsView.swift (in target 'osx-ide' from project 'osx-ide')
    cd /Users/jack/Projects/osx/osx-ide
    

SwiftCompile normal arm64 /Users/jack/Projects/osx/osx-ide/osx-ide/Components/SyntaxHighlighter.swift (in target 'osx-ide' from project 'osx-ide')
    cd /Users/jack/Projects/osx/osx-ide
    

SwiftCompile normal arm64 /Users/jack/Projects/osx/osx-ide/osx-ide/Components/TreeSitterManager.swift (in target 'osx-ide' from project 'osx-ide')
    cd /Users/jack/Projects/osx/osx-ide
    

SwiftCompile normal arm64 /Users/jack/Projects/osx/osx-ide/osx-ide/Components/WindowAccessor.swift (in target 'osx-ide' from project 'osx-ide')
    cd /Users/jack/Projects/osx/osx-ide
    

SwiftCompile normal arm64 /Users/jack/Projects/osx/osx-ide/osx-ide/Models/AIMode.swift (in target 'osx-ide' from project 'osx-ide')
    cd /Users/jack/Projects/osx/osx-ide
    

SwiftCompile normal arm64 Compiling\ FileEditorStateManager.swift,\ FileSystemService.swift,\ OpenRouterAIService.swift,\ OpenRouterService.swift,\ PathValidator.swift /Users/jack/Projects/osx/osx-ide/osx-ide/Services/FileEditorStateManager.swift /Users/jack/Projects/osx/osx-ide/osx-ide/Services/FileSystemService.swift /Users/jack/Projects/osx/osx-ide/osx-ide/Services/OpenRouterAIService.swift /Users/jack/Projects/osx/osx-ide/osx-ide/Services/OpenRouterService.swift /Users/jack/Projects/osx/osx-ide/osx-ide/Services/PathValidator.swift (in target 'osx-ide' from project 'osx-ide')

SwiftCompile normal arm64 /Users/jack/Projects/osx/osx-ide/osx-ide/Services/FileEditorStateManager.swift (in target 'osx-ide' from project 'osx-ide')
    cd /Users/jack/Projects/osx/osx-ide
    

SwiftCompile normal arm64 /Users/jack/Projects/osx/osx-ide/osx-ide/Services/FileSystemService.swift (in target 'osx-ide' from project 'osx-ide')
    cd /Users/jack/Projects/osx/osx-ide
    

SwiftCompile normal arm64 /Users/jack/Projects/osx/osx-ide/osx-ide/Services/OpenRouterAIService.swift (in target 'osx-ide' from project 'osx-ide')
    cd /Users/jack/Projects/osx/osx-ide
    

SwiftCompile normal arm64 /Users/jack/Projects/osx/osx-ide/osx-ide/Services/OpenRouterService.swift (in target 'osx-ide' from project 'osx-ide')
    cd /Users/jack/Projects/osx/osx-ide
    

SwiftCompile normal arm64 /Users/jack/Projects/osx/osx-ide/osx-ide/Services/PathValidator.swift (in target 'osx-ide' from project 'osx-ide')
    cd /Users/jack/Projects/osx/osx-ide
    

SwiftCompile normal arm64 Compiling\ AppState.swift,\ ConversationManager.swift,\ DependencyContainer.swift,\ FileDialogService.swift,\ FileEditorService.swift /Users/jack/Projects/osx/osx-ide/osx-ide/Services/AppState.swift /Users/jack/Projects/osx/osx-ide/osx-ide/Services/ConversationManager.swift /Users/jack/Projects/osx/osx-ide/osx-ide/Services/DependencyContainer.swift /Users/jack/Projects/osx/osx-ide/osx-ide/Services/FileDialogService.swift /Users/jack/Projects/osx/osx-ide/osx-ide/Services/FileEditorService.swift (in target 'osx-ide' from project 'osx-ide')

SwiftCompile normal arm64 /Users/jack/Projects/osx/osx-ide/osx-ide/Services/AppState.swift (in target 'osx-ide' from project 'osx-ide')
    cd /Users/jack/Projects/osx/osx-ide
    

SwiftCompile normal arm64 /Users/jack/Projects/osx/osx-ide/osx-ide/Services/ConversationManager.swift (in target 'osx-ide' from project 'osx-ide')
    cd /Users/jack/Projects/osx/osx-ide
    

SwiftCompile normal arm64 /Users/jack/Projects/osx/osx-ide/osx-ide/Services/DependencyContainer.swift (in target 'osx-ide' from project 'osx-ide')
    cd /Users/jack/Projects/osx/osx-ide
    

SwiftCompile normal arm64 /Users/jack/Projects/osx/osx-ide/osx-ide/Services/FileDialogService.swift (in target 'osx-ide' from project 'osx-ide')
    cd /Users/jack/Projects/osx/osx-ide
    

SwiftCompile normal arm64 /Users/jack/Projects/osx/osx-ide/osx-ide/Services/FileEditorService.swift (in target 'osx-ide' from project 'osx-ide')
    cd /Users/jack/Projects/osx/osx-ide
    

SwiftCompile normal arm64 Compiling\ CodePreviewView.swift,\ FileExplorerView.swift,\ GlassStyle.swift,\ LineNumberRulerView.swift,\ LiquidGlassScrollView.swift /Users/jack/Projects/osx/osx-ide/osx-ide/Components/CodePreviewView.swift /Users/jack/Projects/osx/osx-ide/osx-ide/Components/FileExplorerView.swift /Users/jack/Projects/osx/osx-ide/osx-ide/Components/GlassStyle.swift /Users/jack/Projects/osx/osx-ide/osx-ide/Components/LineNumberRulerView.swift /Users/jack/Projects/osx/osx-ide/osx-ide/Components/LiquidGlassScrollView.swift (in target 'osx-ide' from project 'osx-ide')

SwiftCompile normal arm64 /Users/jack/Projects/osx/osx-ide/osx-ide/Components/CodePreviewView.swift (in target 'osx-ide' from project 'osx-ide')
    cd /Users/jack/Projects/osx/osx-ide
    

SwiftCompile normal arm64 /Users/jack/Projects/osx/osx-ide/osx-ide/Components/FileExplorerView.swift (in target 'osx-ide' from project 'osx-ide')
    cd /Users/jack/Projects/osx/osx-ide
    

SwiftCompile normal arm64 /Users/jack/Projects/osx/osx-ide/osx-ide/Components/GlassStyle.swift (in target 'osx-ide' from project 'osx-ide')
    cd /Users/jack/Projects/osx/osx-ide
    

SwiftCompile normal arm64 /Users/jack/Projects/osx/osx-ide/osx-ide/Components/LineNumberRulerView.swift (in target 'osx-ide' from project 'osx-ide')
    cd /Users/jack/Projects/osx/osx-ide
    

SwiftCompile normal arm64 /Users/jack/Projects/osx/osx-ide/osx-ide/Components/LiquidGlassScrollView.swift (in target 'osx-ide' from project 'osx-ide')
    cd /Users/jack/Projects/osx/osx-ide
    

SwiftCompile normal arm64 Compiling\ ActionButtonsView.swift,\ AIChatPanel.swift,\ AutosavingSplitView.swift,\ ChatInputView.swift,\ CodeEditorView.swift /Users/jack/Projects/osx/osx-ide/osx-ide/Components/ActionButtonsView.swift /Users/jack/Projects/osx/osx-ide/osx-ide/Components/AIChatPanel.swift /Users/jack/Projects/osx/osx-ide/osx-ide/Components/AutosavingSplitView.swift /Users/jack/Projects/osx/osx-ide/osx-ide/Components/ChatInputView.swift /Users/jack/Projects/osx/osx-ide/osx-ide/Components/CodeEditorView.swift (in target 'osx-ide' from project 'osx-ide')

SwiftCompile normal arm64 /Users/jack/Projects/osx/osx-ide/osx-ide/Components/ActionButtonsView.swift (in target 'osx-ide' from project 'osx-ide')
    cd /Users/jack/Projects/osx/osx-ide
    

SwiftCompile normal arm64 /Users/jack/Projects/osx/osx-ide/osx-ide/Components/AIChatPanel.swift (in target 'osx-ide' from project 'osx-ide')
    cd /Users/jack/Projects/osx/osx-ide
    

SwiftCompile normal arm64 /Users/jack/Projects/osx/osx-ide/osx-ide/Components/AutosavingSplitView.swift (in target 'osx-ide' from project 'osx-ide')
    cd /Users/jack/Projects/osx/osx-ide
    

SwiftCompile normal arm64 /Users/jack/Projects/osx/osx-ide/osx-ide/Components/ChatInputView.swift (in target 'osx-ide' from project 'osx-ide')
    cd /Users/jack/Projects/osx/osx-ide
    

SwiftCompile normal arm64 /Users/jack/Projects/osx/osx-ide/osx-ide/Components/CodeEditorView.swift (in target 'osx-ide' from project 'osx-ide')
    cd /Users/jack/Projects/osx/osx-ide
    

SwiftCompile normal arm64 Compiling\ SearchTools.swift,\ TerminalTools.swift,\ AIService.swift,\ AITool.swift,\ AppConstants.swift /Users/jack/Projects/osx/osx-ide/osx-ide/Services/Tools/SearchTools.swift /Users/jack/Projects/osx/osx-ide/osx-ide/Services/Tools/TerminalTools.swift /Users/jack/Projects/osx/osx-ide/osx-ide/Services/AIService.swift /Users/jack/Projects/osx/osx-ide/osx-ide/Services/AITool.swift /Users/jack/Projects/osx/osx-ide/osx-ide/Services/AppConstants.swift (in target 'osx-ide' from project 'osx-ide')

SwiftCompile normal arm64 /Users/jack/Projects/osx/osx-ide/osx-ide/Services/Tools/SearchTools.swift (in target 'osx-ide' from project 'osx-ide')
    cd /Users/jack/Projects/osx/osx-ide
    

SwiftCompile normal arm64 /Users/jack/Projects/osx/osx-ide/osx-ide/Services/Tools/TerminalTools.swift (in target 'osx-ide' from project 'osx-ide')
    cd /Users/jack/Projects/osx/osx-ide
    

SwiftCompile normal arm64 /Users/jack/Projects/osx/osx-ide/osx-ide/Services/AIService.swift (in target 'osx-ide' from project 'osx-ide')
    cd /Users/jack/Projects/osx/osx-ide
    

SwiftCompile normal arm64 /Users/jack/Projects/osx/osx-ide/osx-ide/Services/AITool.swift (in target 'osx-ide' from project 'osx-ide')
    cd /Users/jack/Projects/osx/osx-ide
    

SwiftCompile normal arm64 /Users/jack/Projects/osx/osx-ide/osx-ide/Services/AppConstants.swift (in target 'osx-ide' from project 'osx-ide')
    cd /Users/jack/Projects/osx/osx-ide
    

SwiftEmitModule normal arm64 Emitting\ module\ for\ osx_ide (in target 'osx-ide' from project 'osx-ide')
Failed frontend command:
/Applications/Xcode.app/Contents/Developer/Toolchains/XcodeDefault.xctoolchain/usr/bin/swift-frontend -frontend -emit-module -experimental-skip-non-inlinable-function-bodies-without-types /Users/jack/Projects/osx/osx-ide/osx-ide/Components/ActionButtonsView.swift /Users/jack/Projects/osx/osx-ide/osx-ide/Components/AIChatPanel.swift /Users/jack/Projects/osx/osx-ide/osx-ide/Components/AutosavingSplitView.swift /Users/jack/Projects/osx/osx-ide/osx-ide/Components/ChatInputView.swift /Users/jack/Projects/osx/osx-ide/osx-ide/Components/CodeEditorView.swift /Users/jack/Projects/osx/osx-ide/osx-ide/Components/CodePreviewView.swift /Users/jack/Projects/osx/osx-ide/osx-ide/Components/FileExplorerView.swift /Users/jack/Projects/osx/osx-ide/osx-ide/Components/GlassStyle.swift /Users/jack/Projects/osx/osx-ide/osx-ide/Components/LineNumberRulerView.swift /Users/jack/Projects/osx/osx-ide/osx-ide/Components/LiquidGlassScrollView.swift /Users/jack/Projects/osx/osx-ide/osx-ide/Components/MessageListView.swift /Users/jack/Projects/osx/osx-ide/osx-ide/Components/ModernFileTreeView.swift /Users/jack/Projects/osx/osx-ide/osx-ide/Components/NativeTerminalEmbedder.swift /Users/jack/Projects/osx/osx-ide/osx-ide/Components/NativeTerminalView.swift /Users/jack/Projects/osx/osx-ide/osx-ide/Components/OpenRouterSettingsViewModel.swift /Users/jack/Projects/osx/osx-ide/osx-ide/Components/SettingsView.swift /Users/jack/Projects/osx/osx-ide/osx-ide/Components/SyntaxHighlighter.swift /Users/jack/Projects/osx/osx-ide/osx-ide/Components/TreeSitterManager.swift /Users/jack/Projects/osx/osx-ide/osx-ide/Components/WindowAccessor.swift /Users/jack/Projects/osx/osx-ide/osx-ide/Models/AIMode.swift /Users/jack/Projects/osx/osx-ide/osx-ide/Models/ChatMessage.swift /Users/jack/Projects/osx/osx-ide/osx-ide/Services/Errors/AppError.swift /Users/jack/Projects/osx/osx-ide/osx-ide/Services/Errors/ErrorManager.swift /Users/jack/Projects/osx/osx-ide/osx-ide/Services/Tools/FileTools.swift /Users/jack/Projects/osx/osx-ide/osx-ide/Services/Tools/ProjectTools.swift /Users/jack/Projects/osx/osx-ide/osx-ide/Services/Tools/SearchTools.swift /Users/jack/Projects/osx/osx-ide/osx-ide/Services/Tools/TerminalTools.swift /Users/jack/Projects/osx/osx-ide/osx-ide/Services/AIService.swift /Users/jack/Projects/osx/osx-ide/osx-ide/Services/AITool.swift /Users/jack/Projects/osx/osx-ide/osx-ide/Services/AppConstants.swift /Users/jack/Projects/osx/osx-ide/osx-ide/Services/AppState.swift /Users/jack/Projects/osx/osx-ide/osx-ide/Services/ConversationManager.swift /Users/jack/Projects/osx/osx-ide/osx-ide/Services/DependencyContainer.swift /Users/jack/Projects/osx/osx-ide/osx-ide/Services/FileDialogService.swift /Users/jack/Projects/osx/osx-ide/osx-ide/Services/FileEditorService.swift /Users/jack/Projects/osx/osx-ide/osx-ide/Services/FileEditorStateManager.swift /Users/jack/Projects/osx/osx-ide/osx-ide/Services/FileSystemService.swift /Users/jack/Projects/osx/osx-ide/osx-ide/Services/OpenRouterAIService.swift /Users/jack/Projects/osx/osx-ide/osx-ide/Services/OpenRouterService.swift /Users/jack/Projects/osx/osx-ide/osx-ide/Services/PathValidator.swift /Users/jack/Projects/osx/osx-ide/osx-ide/Services/ToolAwarenessPrompt.swift /Users/jack/Projects/osx/osx-ide/osx-ide/Services/UIService.swift /Users/jack/Projects/osx/osx-ide/osx-ide/Services/UIStateManager.swift /Users/jack/Projects/osx/osx-ide/osx-ide/Services/WorkspaceService.swift /Users/jack/Projects/osx/osx-ide/osx-ide/Services/WorkspaceStateManager.swift /Users/jack/Projects/osx/osx-ide/osx-ide/ContentView.swift /Users/jack/Projects/osx/osx-ide/osx-ide/osx_ideApp.swift /Users/jack/Library/Developer/Xcode/DerivedData/osx-ide-eoaklgmzoruiukhbgdkrilmnzybq/Build/Intermediates.noindex/osx-ide.build/Debug/osx-ide.build/DerivedSources/GeneratedAssetSymbols.swift -target arm64-apple-macos26.0 -module-can-import-version AppKit 2685.30.107 2685.30.107 -module-can-import-version DeveloperToolsSupport 23.0.4 23.0.4 -module-can-import SwiftTreeSitter -module-can-import-version SwiftUI 7.2.5.1 7.2.5 -module-can-import TreeSitterSwift -load-resolved-plugin /Applications/Xcode.app/Contents/Developer/Platforms/MacOSX.platform/Developer/usr/lib/swift/host/plugins/libFoundationMacros.dylib\#/Applications/Xcode.app/Contents/Developer/Platforms/MacOSX.platform/Developer/usr/bin/swift-plugin-server\#FoundationMacros -load-resolved-plugin /Applications/Xcode.app/Contents/Developer/Platforms/MacOSX.platform/Developer/usr/lib/swift/host/plugins/libObservationMacros.dylib\#/Applications/Xcode.app/Contents/Developer/Platforms/MacOSX.platform/Developer/usr/bin/swift-plugin-server\#ObservationMacros -load-resolved-plugin /Applications/Xcode.app/Contents/Developer/Platforms/MacOSX.platform/Developer/usr/lib/swift/host/plugins/libPreviewsMacros.dylib\#/Applications/Xcode.app/Contents/Developer/Platforms/MacOSX.platform/Developer/usr/bin/swift-plugin-server\#PreviewsMacros -load-resolved-plugin /Applications/Xcode.app/Contents/Developer/Platforms/MacOSX.platform/Developer/usr/lib/swift/host/plugins/libSwiftMacros.dylib\#/Applications/Xcode.app/Contents/Developer/Platforms/MacOSX.platform/Developer/usr/bin/swift-plugin-server\#SwiftMacros -load-resolved-plugin /Applications/Xcode.app/Contents/Developer/Platforms/MacOSX.platform/Developer/usr/lib/swift/host/plugins/libSwiftUIMacros.dylib\#/Applications/Xcode.app/Contents/Developer/Platforms/MacOSX.platform/Developer/usr/bin/swift-plugin-server\#SwiftUIMacros -disable-implicit-swift-modules -Xcc -fno-implicit-modules -Xcc -fno-implicit-module-maps -explicit-swift-module-map-file /Users/jack/Library/Developer/Xcode/DerivedData/osx-ide-eoaklgmzoruiukhbgdkrilmnzybq/Build/Intermediates.noindex/osx-ide.build/Debug/osx-ide.build/Objects-normal/arm64/osx_ide-dependencies-1.json -Xllvm -aarch64-use-tbi -enable-objc-interop -stack-check -sdk /Applications/Xcode.app/Contents/Developer/Platforms/MacOSX.platform/Developer/SDKs/MacOSX26.2.sdk -I /Users/jack/Library/Developer/Xcode/DerivedData/osx-ide-eoaklgmzoruiukhbgdkrilmnzybq/Build/Products/Debug -F /Users/jack/Library/Developer/Xcode/DerivedData/osx-ide-eoaklgmzoruiukhbgdkrilmnzybq/Build/Products/Debug/PackageFrameworks -F /Users/jack/Library/Developer/Xcode/DerivedData/osx-ide-eoaklgmzoruiukhbgdkrilmnzybq/Build/Products/Debug/PackageFrameworks -F /Users/jack/Library/Developer/Xcode/DerivedData/osx-ide-eoaklgmzoruiukhbgdkrilmnzybq/Build/Products/Debug/PackageFrameworks -F /Users/jack/Library/Developer/Xcode/DerivedData/osx-ide-eoaklgmzoruiukhbgdkrilmnzybq/Build/Products/Debug/PackageFrameworks -F /Users/jack/Library/Developer/Xcode/DerivedData/osx-ide-eoaklgmzoruiukhbgdkrilmnzybq/Build/Products/Debug -no-color-diagnostics -Xcc -fno-color-diagnostics -enable-testing -g -debug-info-format\=dwarf -dwarf-version\=5 -module-cache-path /Users/jack/Library/Developer/Xcode/DerivedData/osx-ide-eoaklgmzoruiukhbgdkrilmnzybq/Build/Intermediates.noindex/SwiftExplicitPrecompiledModules -profile-generate -profile-coverage-mapping -swift-version 6 -enforce-exclusivity\=checked -Onone -D DEBUG -serialize-debugging-options -const-gather-protocols-file /Users/jack/Library/Developer/Xcode/DerivedData/osx-ide-eoaklgmzoruiukhbgdkrilmnzybq/Build/Intermediates.noindex/osx-ide.build/Debug/osx-ide.build/Objects-normal/arm64/osx-ide_const_extract_protocols.json -enable-experimental-feature DebugDescriptionMacro -empty-abi-descriptor -validate-clang-modules-once -clang-build-session-file /Users/jack/Library/Developer/Xcode/DerivedData/ModuleCache.noindex/Session.modulevalidation -Xcc -working-directory -Xcc /Users/jack/Projects/osx/osx-ide -enable-anonymous-context-mangled-names -file-compilation-dir /Users/jack/Projects/osx/osx-ide -Xcc -fmodule-map-file\=/Users/jack/Library/Developer/Xcode/DerivedData/osx-ide-eoaklgmzoruiukhbgdkrilmnzybq/Build/Intermediates.noindex/GeneratedModuleMaps/TreeSitterSwiftC.modulemap -Xcc -fmodule-map-file\=/Users/jack/Library/Developer/Xcode/DerivedData/osx-ide-eoaklgmzoruiukhbgdkrilmnzybq/Build/Intermediates.noindex/GeneratedModuleMaps/TreeSitter.modulemap -Xcc -D_LIBCPP_HARDENING_MODE\=_LIBCPP_HARDENING_MODE_DEBUG -Xcc -ivfsstatcache -Xcc /Users/jack/Library/Developer/Xcode/DerivedData/SDKStatCaches.noindex/macosx26.2-25C57-00fa09913b459cbbc988d1f6730289ae.sdkstatcache -Xcc -I/Users/jack/Library/Developer/Xcode/DerivedData/osx-ide-eoaklgmzoruiukhbgdkrilmnzybq/Build/Intermediates.noindex/osx-ide.build/Debug/osx-ide.build/swift-overrides.hmap -Xcc -iquote -Xcc /Users/jack/Library/Developer/Xcode/DerivedData/osx-ide-eoaklgmzoruiukhbgdkrilmnzybq/Build/Intermediates.noindex/osx-ide.build/Debug/osx-ide.build/osx-ide-generated-files.hmap -Xcc -I/Users/jack/Library/Developer/Xcode/DerivedData/osx-ide-eoaklgmzoruiukhbgdkrilmnzybq/Build/Intermediates.noindex/osx-ide.build/Debug/osx-ide.build/osx-ide-own-target-headers.hmap -Xcc -I/Users/jack/Library/Developer/Xcode/DerivedData/osx-ide-eoaklgmzoruiukhbgdkrilmnzybq/Build/Intermediates.noindex/osx-ide.build/Debug/osx-ide.build/osx-ide-all-non-framework-target-headers.hmap -Xcc -ivfsoverlay -Xcc /Users/jack/Library/Developer/Xcode/DerivedData/osx-ide-eoaklgmzoruiukhbgdkrilmnzybq/Build/Intermediates.noindex/osx-ide.build/Debug/osx-ide-2f59763a9a1a42e2ac3e3ca4c97d30ac-VFS/all-product-headers.yaml -Xcc -iquote -Xcc /Users/jack/Library/Developer/Xcode/DerivedData/osx-ide-eoaklgmzoruiukhbgdkrilmnzybq/Build/Intermediates.noindex/osx-ide.build/Debug/osx-ide.build/osx-ide-project-headers.hmap -Xcc -I/Users/jack/Projects/osx/osx-ide/Packages/TreeSitterSwift/Sources/TreeSitterSwiftC/include -Xcc -I/Users/jack/Library/Developer/Xcode/DerivedData/osx-ide-eoaklgmzoruiukhbgdkrilmnzybq/SourcePackages/checkouts/tree-sitter/lib/include -Xcc -I/Users/jack/Library/Developer/Xcode/DerivedData/osx-ide-eoaklgmzoruiukhbgdkrilmnzybq/Build/Products/Debug/include -Xcc -I/Users/jack/Library/Developer/Xcode/DerivedData/osx-ide-eoaklgmzoruiukhbgdkrilmnzybq/Build/Intermediates.noindex/osx-ide.build/Debug/osx-ide.build/DerivedSources-normal/arm64 -Xcc -I/Users/jack/Library/Developer/Xcode/DerivedData/osx-ide-eoaklgmzoruiukhbgdkrilmnzybq/Build/Intermediates.noindex/osx-ide.build/Debug/osx-ide.build/DerivedSources/arm64 -Xcc -I/Users/jack/Library/Developer/Xcode/DerivedData/osx-ide-eoaklgmzoruiukhbgdkrilmnzybq/Build/Intermediates.noindex/osx-ide.build/Debug/osx-ide.build/DerivedSources -Xcc -DDEBUG\=1 -no-auto-bridging-header-chaining -module-name osx_ide -frontend-parseable-output -disable-clang-spi -target-sdk-version 26.2 -target-sdk-name macosx26.2 -clang-target arm64-apple-macos26.2 -in-process-plugin-server-path /Applications/Xcode.app/Contents/Developer/Toolchains/XcodeDefault.xctoolchain/usr/lib/swift/host/libSwiftInProcPluginServer.dylib -emit-module-doc-path /Users/jack/Library/Developer/Xcode/DerivedData/osx-ide-eoaklgmzoruiukhbgdkrilmnzybq/Build/Intermediates.noindex/osx-ide.build/Debug/osx-ide.build/Objects-normal/arm64/osx_ide.swiftdoc -emit-module-source-info-path /Users/jack/Library/Developer/Xcode/DerivedData/osx-ide-eoaklgmzoruiukhbgdkrilmnzybq/Build/Intermediates.noindex/osx-ide.build/Debug/osx-ide.build/Objects-normal/arm64/osx_ide.swiftsourceinfo -emit-objc-header-path /Users/jack/Library/Developer/Xcode/DerivedData/osx-ide-eoaklgmzoruiukhbgdkrilmnzybq/Build/Intermediates.noindex/osx-ide.build/Debug/osx-ide.build/Objects-normal/arm64/osx_ide-Swift.h -serialize-diagnostics-path /Users/jack/Library/Developer/Xcode/DerivedData/osx-ide-eoaklgmzoruiukhbgdkrilmnzybq/Build/Intermediates.noindex/osx-ide.build/Debug/osx-ide.build/Objects-normal/arm64/osx-ide-primary-emit-module.dia -emit-dependencies-path /Users/jack/Library/Developer/Xcode/DerivedData/osx-ide-eoaklgmzoruiukhbgdkrilmnzybq/Build/Intermediates.noindex/osx-ide.build/Debug/osx-ide.build/Objects-normal/arm64/osx-ide-primary-emit-module.d -o /Users/jack/Library/Developer/Xcode/DerivedData/osx-ide-eoaklgmzoruiukhbgdkrilmnzybq/Build/Intermediates.noindex/osx-ide.build/Debug/osx-ide.build/Objects-normal/arm64/osx_ide.swiftmodule -emit-abi-descriptor-path /Users/jack/Library/Developer/Xcode/DerivedData/osx-ide-eoaklgmzoruiukhbgdkrilmnzybq/Build/Intermediates.noindex/osx-ide.build/Debug/osx-ide.build/Objects-normal/arm64/osx_ide.abi.json

EmitSwiftModule normal arm64 (in target 'osx-ide' from project 'osx-ide')
    cd /Users/jack/Projects/osx/osx-ide
    
/Users/jack/Projects/osx/osx-ide/osx-ide/Components/LiquidGlassScrollView.swift:115:16: error: static property 'defaultValue' is not concurrency-safe because it is nonisolated global shared mutable state
    static var defaultValue: CGFloat = 0
               ^
/Users/jack/Projects/osx/osx-ide/osx-ide/Components/LiquidGlassScrollView.swift:115:16: note: convert 'defaultValue' to a 'let' constant to make 'Sendable' shared state immutable
    static var defaultValue: CGFloat = 0
           ~~~ ^
           let
/Users/jack/Projects/osx/osx-ide/osx-ide/Components/LiquidGlassScrollView.swift:115:16: note: add '@MainActor' to make static property 'defaultValue' part of global actor 'MainActor'
    static var defaultValue: CGFloat = 0
               ^
    @MainActor 
/Users/jack/Projects/osx/osx-ide/osx-ide/Components/LiquidGlassScrollView.swift:115:16: note: disable concurrency-safety checks if accesses are protected by an external synchronization mechanism
    static var defaultValue: CGFloat = 0
               ^
    nonisolated(unsafe) 

SwiftCompile normal arm64 Compiling\ WorkspaceStateManager.swift,\ ContentView.swift,\ osx_ideApp.swift,\ GeneratedAssetSymbols.swift /Users/jack/Projects/osx/osx-ide/osx-ide/Services/WorkspaceStateManager.swift /Users/jack/Projects/osx/osx-ide/osx-ide/ContentView.swift /Users/jack/Projects/osx/osx-ide/osx-ide/osx_ideApp.swift /Users/jack/Library/Developer/Xcode/DerivedData/osx-ide-eoaklgmzoruiukhbgdkrilmnzybq/Build/Intermediates.noindex/osx-ide.build/Debug/osx-ide.build/DerivedSources/GeneratedAssetSymbols.swift (in target 'osx-ide' from project 'osx-ide')

SwiftCompile normal arm64 /Users/jack/Projects/osx/osx-ide/osx-ide/Services/WorkspaceStateManager.swift (in target 'osx-ide' from project 'osx-ide')
    cd /Users/jack/Projects/osx/osx-ide
    

SwiftCompile normal arm64 /Users/jack/Projects/osx/osx-ide/osx-ide/ContentView.swift (in target 'osx-ide' from project 'osx-ide')
    cd /Users/jack/Projects/osx/osx-ide
    

SwiftCompile normal arm64 /Users/jack/Projects/osx/osx-ide/osx-ide/osx_ideApp.swift (in target 'osx-ide' from project 'osx-ide')
    cd /Users/jack/Projects/osx/osx-ide
    

SwiftCompile normal arm64 /Users/jack/Library/Developer/Xcode/DerivedData/osx-ide-eoaklgmzoruiukhbgdkrilmnzybq/Build/Intermediates.noindex/osx-ide.build/Debug/osx-ide.build/DerivedSources/GeneratedAssetSymbols.swift (in target 'osx-ide' from project 'osx-ide')
    cd /Users/jack/Projects/osx/osx-ide
    

** BUILD FAILED **


The following build commands failed:
	SwiftEmitModule normal arm64 Emitting\ module\ for\ osx_ide (in target 'osx-ide' from project 'osx-ide')
	EmitSwiftModule normal arm64 (in target 'osx-ide' from project 'osx-ide')
	Building workspace osx-ide with scheme osx-ide and configuration Debug
(3 failures)
