Command line invocation:
    /Applications/Xcode.app/Contents/Developer/usr/bin/xcodebuild -project osx-ide.xcodeproj -scheme osx-ide -configuration Debug test -destination platform=macOS

--- xcodebuild: WARNING: Using the first of multiple matching destinations:
{ platform:macOS, arch:arm64, id:00008132-000C704002B9001C, name:My Mac }
{ platform:macOS, arch:x86_64, id:00008132-000C704002B9001C, name:My Mac }
ComputePackagePrebuildTargetDependencyGraph

Prepare packages

CreateBuildRequest

SendProjectDescription

CreateBuildOperation

ComputeTargetDependencyGraph
note: Building targets in dependency order
note: Target dependency graph (3 targets)
    Target 'osx-ideUITests' in project 'osx-ide'
        ➜ Explicit dependency on target 'osx-ide' in project 'osx-ide'
    Target 'osx-ideTests' in project 'osx-ide'
        ➜ Explicit dependency on target 'osx-ide' in project 'osx-ide'
    Target 'osx-ide' in project 'osx-ide' (no dependencies)

GatherProvisioningInputs

CreateBuildDescription

ExecuteExternalTool /Applications/Xcode.app/Contents/Developer/Toolchains/XcodeDefault.xctoolchain/usr/bin/clang -v -E -dM -isysroot /Applications/Xcode.app/Contents/Developer/Platforms/MacOSX.platform/Developer/SDKs/MacOSX26.2.sdk -x c -c /dev/null

ExecuteExternalTool /Applications/Xcode.app/Contents/Developer/Toolchains/XcodeDefault.xctoolchain/usr/bin/swiftc --version

ExecuteExternalTool /Applications/Xcode.app/Contents/Developer/usr/bin/actool --version --output-format xml1

ExecuteExternalTool /Applications/Xcode.app/Contents/Developer/Toolchains/XcodeDefault.xctoolchain/usr/bin/ld -version_details

Build description signature: 7338b512c7b9902a0b079c748767faa3
Build description path: /Users/jack/Library/Developer/Xcode/DerivedData/osx-ide-eoaklgmzoruiukhbgdkrilmnzybq/Build/Intermediates.noindex/XCBuildData/7338b512c7b9902a0b079c748767faa3.xcbuilddata
ClangStatCache /Applications/Xcode.app/Contents/Developer/Toolchains/XcodeDefault.xctoolchain/usr/bin/clang-stat-cache /Applications/Xcode.app/Contents/Developer/Platforms/MacOSX.platform/Developer/SDKs/MacOSX26.2.sdk /Users/jack/Library/Developer/Xcode/DerivedData/SDKStatCaches.noindex/macosx26.2-25C57-00fa09913b459cbbc988d1f6730289ae.sdkstatcache
    cd /Users/jack/Projects/osx/osx-ide/osx-ide.xcodeproj
    /Applications/Xcode.app/Contents/Developer/Toolchains/XcodeDefault.xctoolchain/usr/bin/clang-stat-cache /Applications/Xcode.app/Contents/Developer/Platforms/MacOSX.platform/Developer/SDKs/MacOSX26.2.sdk -o /Users/jack/Library/Developer/Xcode/DerivedData/SDKStatCaches.noindex/macosx26.2-25C57-00fa09913b459cbbc988d1f6730289ae.sdkstatcache

WriteAuxiliaryFile /Users/jack/Library/Developer/Xcode/DerivedData/osx-ide-eoaklgmzoruiukhbgdkrilmnzybq/Build/Intermediates.noindex/osx-ide.build/Debug/osx-ideTests.build/Objects-normal/arm64/osx-ideTests.SwiftFileList (in target 'osx-ideTests' from project 'osx-ide')
    cd /Users/jack/Projects/osx/osx-ide
    write-file /Users/jack/Library/Developer/Xcode/DerivedData/osx-ide-eoaklgmzoruiukhbgdkrilmnzybq/Build/Intermediates.noindex/osx-ide.build/Debug/osx-ideTests.build/Objects-normal/arm64/osx-ideTests.SwiftFileList

WriteAuxiliaryFile /Users/jack/Library/Developer/Xcode/DerivedData/osx-ide-eoaklgmzoruiukhbgdkrilmnzybq/Build/Intermediates.noindex/osx-ide.build/Debug/osx-ideTests.build/Objects-normal/arm64/osx-ideTests.SwiftConstValuesFileList (in target 'osx-ideTests' from project 'osx-ide')
    cd /Users/jack/Projects/osx/osx-ide
    write-file /Users/jack/Library/Developer/Xcode/DerivedData/osx-ide-eoaklgmzoruiukhbgdkrilmnzybq/Build/Intermediates.noindex/osx-ide.build/Debug/osx-ideTests.build/Objects-normal/arm64/osx-ideTests.SwiftConstValuesFileList

WriteAuxiliaryFile /Users/jack/Library/Developer/Xcode/DerivedData/osx-ide-eoaklgmzoruiukhbgdkrilmnzybq/Build/Intermediates.noindex/osx-ide.build/Debug/osx-ideTests.build/Objects-normal/arm64/osx-ideTests.LinkFileList (in target 'osx-ideTests' from project 'osx-ide')
    cd /Users/jack/Projects/osx/osx-ide
    write-file /Users/jack/Library/Developer/Xcode/DerivedData/osx-ide-eoaklgmzoruiukhbgdkrilmnzybq/Build/Intermediates.noindex/osx-ide.build/Debug/osx-ideTests.build/Objects-normal/arm64/osx-ideTests.LinkFileList

WriteAuxiliaryFile /Users/jack/Library/Developer/Xcode/DerivedData/osx-ide-eoaklgmzoruiukhbgdkrilmnzybq/Build/Intermediates.noindex/osx-ide.build/Debug/osx-ideTests.build/Objects-normal/arm64/osx-ideTests-OutputFileMap.json (in target 'osx-ideTests' from project 'osx-ide')
    cd /Users/jack/Projects/osx/osx-ide
    write-file /Users/jack/Library/Developer/Xcode/DerivedData/osx-ide-eoaklgmzoruiukhbgdkrilmnzybq/Build/Intermediates.noindex/osx-ide.build/Debug/osx-ideTests.build/Objects-normal/arm64/osx-ideTests-OutputFileMap.json

MkDir /Users/jack/Library/Developer/Xcode/DerivedData/osx-ide-eoaklgmzoruiukhbgdkrilmnzybq/Build/Products/Debug/osx-ide.app/Contents/PlugIns (in target 'osx-ide' from project 'osx-ide')
    cd /Users/jack/Projects/osx/osx-ide
    /bin/mkdir -p /Users/jack/Library/Developer/Xcode/DerivedData/osx-ide-eoaklgmzoruiukhbgdkrilmnzybq/Build/Products/Debug/osx-ide.app/Contents/PlugIns

MkDir /Users/jack/Library/Developer/Xcode/DerivedData/osx-ide-eoaklgmzoruiukhbgdkrilmnzybq/Build/Products/Debug/osx-ide.app/Contents/Frameworks (in target 'osx-ide' from project 'osx-ide')
    cd /Users/jack/Projects/osx/osx-ide
    /bin/mkdir -p /Users/jack/Library/Developer/Xcode/DerivedData/osx-ide-eoaklgmzoruiukhbgdkrilmnzybq/Build/Products/Debug/osx-ide.app/Contents/Frameworks

MkDir /Users/jack/Library/Developer/Xcode/DerivedData/osx-ide-eoaklgmzoruiukhbgdkrilmnzybq/Build/Products/Debug/osx-ide.app/Contents/PlugIns/osx-ideTests.xctest/Contents (in target 'osx-ideTests' from project 'osx-ide')
    cd /Users/jack/Projects/osx/osx-ide
    /bin/mkdir -p /Users/jack/Library/Developer/Xcode/DerivedData/osx-ide-eoaklgmzoruiukhbgdkrilmnzybq/Build/Products/Debug/osx-ide.app/Contents/PlugIns/osx-ideTests.xctest/Contents

MkDir /Users/jack/Library/Developer/Xcode/DerivedData/osx-ide-eoaklgmzoruiukhbgdkrilmnzybq/Build/Products/Debug/osx-ide.app/Contents/PlugIns/osx-ideTests.xctest/Contents/MacOS (in target 'osx-ideTests' from project 'osx-ide')
    cd /Users/jack/Projects/osx/osx-ide
    /bin/mkdir -p /Users/jack/Library/Developer/Xcode/DerivedData/osx-ide-eoaklgmzoruiukhbgdkrilmnzybq/Build/Products/Debug/osx-ide.app/Contents/PlugIns/osx-ideTests.xctest/Contents/MacOS

MkDir /Users/jack/Library/Developer/Xcode/DerivedData/osx-ide-eoaklgmzoruiukhbgdkrilmnzybq/Build/Products/Debug/osx-ide.app/Contents/PlugIns/osx-ideTests.xctest (in target 'osx-ideTests' from project 'osx-ide')
    cd /Users/jack/Projects/osx/osx-ide
    /bin/mkdir -p /Users/jack/Library/Developer/Xcode/DerivedData/osx-ide-eoaklgmzoruiukhbgdkrilmnzybq/Build/Products/Debug/osx-ide.app/Contents/PlugIns/osx-ideTests.xctest

ProcessProductPackaging /Users/jack/Projects/osx/osx-ide/osx-ide/osx_ide.entitlements /Users/jack/Library/Developer/Xcode/DerivedData/osx-ide-eoaklgmzoruiukhbgdkrilmnzybq/Build/Intermediates.noindex/osx-ide.build/Debug/osx-ide.build/osx-ide.app.xcent (in target 'osx-ide' from project 'osx-ide')
    cd /Users/jack/Projects/osx/osx-ide
    
    Entitlements:
    
    {
    "com.apple.security.app-sandbox" = 0;
    "com.apple.security.cs.allow-dyld-environment-variables" = 1;
    "com.apple.security.cs.allow-jit" = 1;
    "com.apple.security.cs.allow-unsigned-executable-memory" = 1;
    "com.apple.security.cs.disable-library-validation" = 1;
    "com.apple.security.files.user-selected.read-only" = 1;
    "com.apple.security.get-task-allow" = 1;
}
    
    builtin-productPackagingUtility /Users/jack/Projects/osx/osx-ide/osx-ide/osx_ide.entitlements -entitlements -format xml -o /Users/jack/Library/Developer/Xcode/DerivedData/osx-ide-eoaklgmzoruiukhbgdkrilmnzybq/Build/Intermediates.noindex/osx-ide.build/Debug/osx-ide.build/osx-ide.app.xcent

ProcessProductPackagingDER /Users/jack/Library/Developer/Xcode/DerivedData/osx-ide-eoaklgmzoruiukhbgdkrilmnzybq/Build/Intermediates.noindex/osx-ide.build/Debug/osx-ide.build/osx-ide.app.xcent /Users/jack/Library/Developer/Xcode/DerivedData/osx-ide-eoaklgmzoruiukhbgdkrilmnzybq/Build/Intermediates.noindex/osx-ide.build/Debug/osx-ide.build/osx-ide.app.xcent.der (in target 'osx-ide' from project 'osx-ide')
    cd /Users/jack/Projects/osx/osx-ide
    /usr/bin/derq query -f xml -i /Users/jack/Library/Developer/Xcode/DerivedData/osx-ide-eoaklgmzoruiukhbgdkrilmnzybq/Build/Intermediates.noindex/osx-ide.build/Debug/osx-ide.build/osx-ide.app.xcent -o /Users/jack/Library/Developer/Xcode/DerivedData/osx-ide-eoaklgmzoruiukhbgdkrilmnzybq/Build/Intermediates.noindex/osx-ide.build/Debug/osx-ide.build/osx-ide.app.xcent.der --raw

Copy /Users/jack/Library/Developer/Xcode/DerivedData/osx-ide-eoaklgmzoruiukhbgdkrilmnzybq/Build/Products/Debug/osx-ide.app/Contents/Frameworks/libXCTestBundleInject.dylib /Applications/Xcode.app/Contents/Developer/Platforms/MacOSX.platform/Developer/usr/lib/libXCTestBundleInject.dylib (in target 'osx-ide' from project 'osx-ide')
    cd /Users/jack/Projects/osx/osx-ide
    builtin-copy -exclude .DS_Store -exclude CVS -exclude .svn -exclude .git -exclude .hg -exclude Headers -exclude PrivateHeaders -exclude Modules -exclude \*.tbd -resolve-src-symlinks /Applications/Xcode.app/Contents/Developer/Platforms/MacOSX.platform/Developer/usr/lib/libXCTestBundleInject.dylib /Users/jack/Library/Developer/Xcode/DerivedData/osx-ide-eoaklgmzoruiukhbgdkrilmnzybq/Build/Products/Debug/osx-ide.app/Contents/Frameworks

Copy /Users/jack/Library/Developer/Xcode/DerivedData/osx-ide-eoaklgmzoruiukhbgdkrilmnzybq/Build/Products/Debug/osx-ide.app/Contents/Frameworks/XCUnit.framework /Applications/Xcode.app/Contents/Developer/Platforms/MacOSX.platform/Developer/Library/PrivateFrameworks/XCUnit.framework (in target 'osx-ide' from project 'osx-ide')
    cd /Users/jack/Projects/osx/osx-ide
    builtin-copy -exclude .DS_Store -exclude CVS -exclude .svn -exclude .git -exclude .hg -exclude Headers -exclude PrivateHeaders -exclude Modules -exclude \*.tbd -resolve-src-symlinks /Applications/Xcode.app/Contents/Developer/Platforms/MacOSX.platform/Developer/Library/PrivateFrameworks/XCUnit.framework /Users/jack/Library/Developer/Xcode/DerivedData/osx-ide-eoaklgmzoruiukhbgdkrilmnzybq/Build/Products/Debug/osx-ide.app/Contents/Frameworks

Copy /Users/jack/Library/Developer/Xcode/DerivedData/osx-ide-eoaklgmzoruiukhbgdkrilmnzybq/Build/Products/Debug/osx-ide.app/Contents/Frameworks/libXCTestSwiftSupport.dylib /Applications/Xcode.app/Contents/Developer/Platforms/MacOSX.platform/Developer/usr/lib/libXCTestSwiftSupport.dylib (in target 'osx-ide' from project 'osx-ide')
    cd /Users/jack/Projects/osx/osx-ide
    builtin-copy -exclude .DS_Store -exclude CVS -exclude .svn -exclude .git -exclude .hg -exclude Headers -exclude PrivateHeaders -exclude Modules -exclude \*.tbd -resolve-src-symlinks /Applications/Xcode.app/Contents/Developer/Platforms/MacOSX.platform/Developer/usr/lib/libXCTestSwiftSupport.dylib /Users/jack/Library/Developer/Xcode/DerivedData/osx-ide-eoaklgmzoruiukhbgdkrilmnzybq/Build/Products/Debug/osx-ide.app/Contents/Frameworks

Copy /Users/jack/Library/Developer/Xcode/DerivedData/osx-ide-eoaklgmzoruiukhbgdkrilmnzybq/Build/Products/Debug/osx-ide.app/Contents/Frameworks/XCUIAutomation.framework /Applications/Xcode.app/Contents/Developer/Platforms/MacOSX.platform/Developer/Library/Frameworks/XCUIAutomation.framework (in target 'osx-ide' from project 'osx-ide')
    cd /Users/jack/Projects/osx/osx-ide
    builtin-copy -exclude .DS_Store -exclude CVS -exclude .svn -exclude .git -exclude .hg -exclude Headers -exclude PrivateHeaders -exclude Modules -exclude \*.tbd -resolve-src-symlinks /Applications/Xcode.app/Contents/Developer/Platforms/MacOSX.platform/Developer/Library/Frameworks/XCUIAutomation.framework /Users/jack/Library/Developer/Xcode/DerivedData/osx-ide-eoaklgmzoruiukhbgdkrilmnzybq/Build/Products/Debug/osx-ide.app/Contents/Frameworks

Copy /Users/jack/Library/Developer/Xcode/DerivedData/osx-ide-eoaklgmzoruiukhbgdkrilmnzybq/Build/Products/Debug/osx-ide.app/Contents/Frameworks/XCTestSupport.framework /Applications/Xcode.app/Contents/Developer/Platforms/MacOSX.platform/Developer/Library/PrivateFrameworks/XCTestSupport.framework (in target 'osx-ide' from project 'osx-ide')
    cd /Users/jack/Projects/osx/osx-ide
    builtin-copy -exclude .DS_Store -exclude CVS -exclude .svn -exclude .git -exclude .hg -exclude Headers -exclude PrivateHeaders -exclude Modules -exclude \*.tbd -resolve-src-symlinks /Applications/Xcode.app/Contents/Developer/Platforms/MacOSX.platform/Developer/Library/PrivateFrameworks/XCTestSupport.framework /Users/jack/Library/Developer/Xcode/DerivedData/osx-ide-eoaklgmzoruiukhbgdkrilmnzybq/Build/Products/Debug/osx-ide.app/Contents/Frameworks

Copy /Users/jack/Library/Developer/Xcode/DerivedData/osx-ide-eoaklgmzoruiukhbgdkrilmnzybq/Build/Products/Debug/osx-ide.app/Contents/Frameworks/XCTestCore.framework /Applications/Xcode.app/Contents/Developer/Platforms/MacOSX.platform/Developer/Library/PrivateFrameworks/XCTestCore.framework (in target 'osx-ide' from project 'osx-ide')
    cd /Users/jack/Projects/osx/osx-ide
    builtin-copy -exclude .DS_Store -exclude CVS -exclude .svn -exclude .git -exclude .hg -exclude Headers -exclude PrivateHeaders -exclude Modules -exclude \*.tbd -resolve-src-symlinks /Applications/Xcode.app/Contents/Developer/Platforms/MacOSX.platform/Developer/Library/PrivateFrameworks/XCTestCore.framework /Users/jack/Library/Developer/Xcode/DerivedData/osx-ide-eoaklgmzoruiukhbgdkrilmnzybq/Build/Products/Debug/osx-ide.app/Contents/Frameworks

Copy /Users/jack/Library/Developer/Xcode/DerivedData/osx-ide-eoaklgmzoruiukhbgdkrilmnzybq/Build/Products/Debug/osx-ide.app/Contents/Frameworks/XCTest.framework /Applications/Xcode.app/Contents/Developer/Platforms/MacOSX.platform/Developer/Library/Frameworks/XCTest.framework (in target 'osx-ide' from project 'osx-ide')
    cd /Users/jack/Projects/osx/osx-ide
    builtin-copy -exclude .DS_Store -exclude CVS -exclude .svn -exclude .git -exclude .hg -exclude Headers -exclude PrivateHeaders -exclude Modules -exclude \*.tbd -resolve-src-symlinks /Applications/Xcode.app/Contents/Developer/Platforms/MacOSX.platform/Developer/Library/Frameworks/XCTest.framework /Users/jack/Library/Developer/Xcode/DerivedData/osx-ide-eoaklgmzoruiukhbgdkrilmnzybq/Build/Products/Debug/osx-ide.app/Contents/Frameworks

Copy /Users/jack/Library/Developer/Xcode/DerivedData/osx-ide-eoaklgmzoruiukhbgdkrilmnzybq/Build/Products/Debug/osx-ide.app/Contents/Frameworks/XCTAutomationSupport.framework /Applications/Xcode.app/Contents/Developer/Platforms/MacOSX.platform/Developer/Library/PrivateFrameworks/XCTAutomationSupport.framework (in target 'osx-ide' from project 'osx-ide')
    cd /Users/jack/Projects/osx/osx-ide
    builtin-copy -exclude .DS_Store -exclude CVS -exclude .svn -exclude .git -exclude .hg -exclude Headers -exclude PrivateHeaders -exclude Modules -exclude \*.tbd -resolve-src-symlinks /Applications/Xcode.app/Contents/Developer/Platforms/MacOSX.platform/Developer/Library/PrivateFrameworks/XCTAutomationSupport.framework /Users/jack/Library/Developer/Xcode/DerivedData/osx-ide-eoaklgmzoruiukhbgdkrilmnzybq/Build/Products/Debug/osx-ide.app/Contents/Frameworks

Copy /Users/jack/Library/Developer/Xcode/DerivedData/osx-ide-eoaklgmzoruiukhbgdkrilmnzybq/Build/Products/Debug/osx-ide.app/Contents/Frameworks/Testing.framework /Applications/Xcode.app/Contents/Developer/Platforms/MacOSX.platform/Developer/Library/Frameworks/Testing.framework (in target 'osx-ide' from project 'osx-ide')
    cd /Users/jack/Projects/osx/osx-ide
    builtin-copy -exclude .DS_Store -exclude CVS -exclude .svn -exclude .git -exclude .hg -exclude Headers -exclude PrivateHeaders -exclude Modules -exclude \*.tbd -resolve-src-symlinks /Applications/Xcode.app/Contents/Developer/Platforms/MacOSX.platform/Developer/Library/Frameworks/Testing.framework /Users/jack/Library/Developer/Xcode/DerivedData/osx-ide-eoaklgmzoruiukhbgdkrilmnzybq/Build/Products/Debug/osx-ide.app/Contents/Frameworks

ProcessInfoPlistFile /Users/jack/Library/Developer/Xcode/DerivedData/osx-ide-eoaklgmzoruiukhbgdkrilmnzybq/Build/Products/Debug/osx-ide.app/Contents/Info.plist /Users/jack/Library/Developer/Xcode/DerivedData/osx-ide-eoaklgmzoruiukhbgdkrilmnzybq/Build/Intermediates.noindex/osx-ide.build/Debug/osx-ide.build/empty-osx-ide.plist (in target 'osx-ide' from project 'osx-ide')
    cd /Users/jack/Projects/osx/osx-ide
    builtin-infoPlistUtility /Users/jack/Library/Developer/Xcode/DerivedData/osx-ide-eoaklgmzoruiukhbgdkrilmnzybq/Build/Intermediates.noindex/osx-ide.build/Debug/osx-ide.build/empty-osx-ide.plist -producttype com.apple.product-type.application -genpkginfo /Users/jack/Library/Developer/Xcode/DerivedData/osx-ide-eoaklgmzoruiukhbgdkrilmnzybq/Build/Products/Debug/osx-ide.app/Contents/PkgInfo -expandbuildsettings -platform macosx -additionalcontentfile /Users/jack/Library/Developer/Xcode/DerivedData/osx-ide-eoaklgmzoruiukhbgdkrilmnzybq/Build/Intermediates.noindex/osx-ide.build/Debug/osx-ide.build/assetcatalog_generated_info.plist -o /Users/jack/Library/Developer/Xcode/DerivedData/osx-ide-eoaklgmzoruiukhbgdkrilmnzybq/Build/Products/Debug/osx-ide.app/Contents/Info.plist

CodeSign /Users/jack/Library/Developer/Xcode/DerivedData/osx-ide-eoaklgmzoruiukhbgdkrilmnzybq/Build/Products/Debug/osx-ide.app/Contents/Frameworks/libXCTestBundleInject.dylib (in target 'osx-ide' from project 'osx-ide')
    cd /Users/jack/Projects/osx/osx-ide
    
    Signing Identity:     "Sign to Run Locally"
    
    /usr/bin/codesign --force --sign - --timestamp\=none --preserve-metadata\=identifier,entitlements,flags --generate-entitlement-der /Users/jack/Library/Developer/Xcode/DerivedData/osx-ide-eoaklgmzoruiukhbgdkrilmnzybq/Build/Products/Debug/osx-ide.app/Contents/Frameworks/libXCTestBundleInject.dylib
/Users/jack/Library/Developer/Xcode/DerivedData/osx-ide-eoaklgmzoruiukhbgdkrilmnzybq/Build/Products/Debug/osx-ide.app/Contents/Frameworks/libXCTestBundleInject.dylib: replacing existing signature

CodeSign /Users/jack/Library/Developer/Xcode/DerivedData/osx-ide-eoaklgmzoruiukhbgdkrilmnzybq/Build/Products/Debug/osx-ide.app/Contents/Frameworks/libXCTestSwiftSupport.dylib (in target 'osx-ide' from project 'osx-ide')
    cd /Users/jack/Projects/osx/osx-ide
    
    Signing Identity:     "Sign to Run Locally"
    
    /usr/bin/codesign --force --sign - --timestamp\=none --preserve-metadata\=identifier,entitlements,flags --generate-entitlement-der /Users/jack/Library/Developer/Xcode/DerivedData/osx-ide-eoaklgmzoruiukhbgdkrilmnzybq/Build/Products/Debug/osx-ide.app/Contents/Frameworks/libXCTestSwiftSupport.dylib
/Users/jack/Library/Developer/Xcode/DerivedData/osx-ide-eoaklgmzoruiukhbgdkrilmnzybq/Build/Products/Debug/osx-ide.app/Contents/Frameworks/libXCTestSwiftSupport.dylib: replacing existing signature

CodeSign /Users/jack/Library/Developer/Xcode/DerivedData/osx-ide-eoaklgmzoruiukhbgdkrilmnzybq/Build/Products/Debug/osx-ide.app/Contents/Frameworks/XCUnit.framework (in target 'osx-ide' from project 'osx-ide')
    cd /Users/jack/Projects/osx/osx-ide
    
    Signing Identity:     "Sign to Run Locally"
    
    /usr/bin/codesign --force --sign - --timestamp\=none --preserve-metadata\=identifier,entitlements,flags --generate-entitlement-der /Users/jack/Library/Developer/Xcode/DerivedData/osx-ide-eoaklgmzoruiukhbgdkrilmnzybq/Build/Products/Debug/osx-ide.app/Contents/Frameworks/XCUnit.framework
/Users/jack/Library/Developer/Xcode/DerivedData/osx-ide-eoaklgmzoruiukhbgdkrilmnzybq/Build/Products/Debug/osx-ide.app/Contents/Frameworks/XCUnit.framework: replacing existing signature

CodeSign /Users/jack/Library/Developer/Xcode/DerivedData/osx-ide-eoaklgmzoruiukhbgdkrilmnzybq/Build/Products/Debug/osx-ide.app/Contents/Frameworks/XCTestSupport.framework (in target 'osx-ide' from project 'osx-ide')
    cd /Users/jack/Projects/osx/osx-ide
    
    Signing Identity:     "Sign to Run Locally"
    
    /usr/bin/codesign --force --sign - --timestamp\=none --preserve-metadata\=identifier,entitlements,flags --generate-entitlement-der /Users/jack/Library/Developer/Xcode/DerivedData/osx-ide-eoaklgmzoruiukhbgdkrilmnzybq/Build/Products/Debug/osx-ide.app/Contents/Frameworks/XCTestSupport.framework
/Users/jack/Library/Developer/Xcode/DerivedData/osx-ide-eoaklgmzoruiukhbgdkrilmnzybq/Build/Products/Debug/osx-ide.app/Contents/Frameworks/XCTestSupport.framework: replacing existing signature

CodeSign /Users/jack/Library/Developer/Xcode/DerivedData/osx-ide-eoaklgmzoruiukhbgdkrilmnzybq/Build/Products/Debug/osx-ide.app/Contents/Frameworks/XCTest.framework (in target 'osx-ide' from project 'osx-ide')
    cd /Users/jack/Projects/osx/osx-ide
    
    Signing Identity:     "Sign to Run Locally"
    
    /usr/bin/codesign --force --sign - --timestamp\=none --preserve-metadata\=identifier,entitlements,flags --generate-entitlement-der /Users/jack/Library/Developer/Xcode/DerivedData/osx-ide-eoaklgmzoruiukhbgdkrilmnzybq/Build/Products/Debug/osx-ide.app/Contents/Frameworks/XCTest.framework
/Users/jack/Library/Developer/Xcode/DerivedData/osx-ide-eoaklgmzoruiukhbgdkrilmnzybq/Build/Products/Debug/osx-ide.app/Contents/Frameworks/XCTest.framework: replacing existing signature

CodeSign /Users/jack/Library/Developer/Xcode/DerivedData/osx-ide-eoaklgmzoruiukhbgdkrilmnzybq/Build/Products/Debug/osx-ide.app/Contents/Frameworks/XCTAutomationSupport.framework (in target 'osx-ide' from project 'osx-ide')
    cd /Users/jack/Projects/osx/osx-ide
    
    Signing Identity:     "Sign to Run Locally"
    
    /usr/bin/codesign --force --sign - --timestamp\=none --preserve-metadata\=identifier,entitlements,flags --generate-entitlement-der /Users/jack/Library/Developer/Xcode/DerivedData/osx-ide-eoaklgmzoruiukhbgdkrilmnzybq/Build/Products/Debug/osx-ide.app/Contents/Frameworks/XCTAutomationSupport.framework
/Users/jack/Library/Developer/Xcode/DerivedData/osx-ide-eoaklgmzoruiukhbgdkrilmnzybq/Build/Products/Debug/osx-ide.app/Contents/Frameworks/XCTAutomationSupport.framework: replacing existing signature

CodeSign /Users/jack/Library/Developer/Xcode/DerivedData/osx-ide-eoaklgmzoruiukhbgdkrilmnzybq/Build/Products/Debug/osx-ide.app/Contents/Frameworks/XCTestCore.framework (in target 'osx-ide' from project 'osx-ide')
    cd /Users/jack/Projects/osx/osx-ide
    
    Signing Identity:     "Sign to Run Locally"
    
    /usr/bin/codesign --force --sign - --timestamp\=none --preserve-metadata\=identifier,entitlements,flags --generate-entitlement-der /Users/jack/Library/Developer/Xcode/DerivedData/osx-ide-eoaklgmzoruiukhbgdkrilmnzybq/Build/Products/Debug/osx-ide.app/Contents/Frameworks/XCTestCore.framework
/Users/jack/Library/Developer/Xcode/DerivedData/osx-ide-eoaklgmzoruiukhbgdkrilmnzybq/Build/Products/Debug/osx-ide.app/Contents/Frameworks/XCTestCore.framework: replacing existing signature

CodeSign /Users/jack/Library/Developer/Xcode/DerivedData/osx-ide-eoaklgmzoruiukhbgdkrilmnzybq/Build/Products/Debug/osx-ide.app/Contents/Frameworks/XCUIAutomation.framework (in target 'osx-ide' from project 'osx-ide')
    cd /Users/jack/Projects/osx/osx-ide
    
    Signing Identity:     "Sign to Run Locally"
    
    /usr/bin/codesign --force --sign - --timestamp\=none --preserve-metadata\=identifier,entitlements,flags --generate-entitlement-der /Users/jack/Library/Developer/Xcode/DerivedData/osx-ide-eoaklgmzoruiukhbgdkrilmnzybq/Build/Products/Debug/osx-ide.app/Contents/Frameworks/XCUIAutomation.framework
/Users/jack/Library/Developer/Xcode/DerivedData/osx-ide-eoaklgmzoruiukhbgdkrilmnzybq/Build/Products/Debug/osx-ide.app/Contents/Frameworks/XCUIAutomation.framework: replacing existing signature

CodeSign /Users/jack/Library/Developer/Xcode/DerivedData/osx-ide-eoaklgmzoruiukhbgdkrilmnzybq/Build/Products/Debug/osx-ide.app/Contents/Frameworks/Testing.framework (in target 'osx-ide' from project 'osx-ide')
    cd /Users/jack/Projects/osx/osx-ide
    
    Signing Identity:     "Sign to Run Locally"
    
    /usr/bin/codesign --force --sign - --timestamp\=none --preserve-metadata\=identifier,entitlements,flags --generate-entitlement-der /Users/jack/Library/Developer/Xcode/DerivedData/osx-ide-eoaklgmzoruiukhbgdkrilmnzybq/Build/Products/Debug/osx-ide.app/Contents/Frameworks/Testing.framework
/Users/jack/Library/Developer/Xcode/DerivedData/osx-ide-eoaklgmzoruiukhbgdkrilmnzybq/Build/Products/Debug/osx-ide.app/Contents/Frameworks/Testing.framework: replacing existing signature

CopySwiftLibs /Users/jack/Library/Developer/Xcode/DerivedData/osx-ide-eoaklgmzoruiukhbgdkrilmnzybq/Build/Products/Debug/osx-ide.app (in target 'osx-ide' from project 'osx-ide')
    cd /Users/jack/Projects/osx/osx-ide
    builtin-swiftStdLibTool --copy --verbose --sign - --scan-executable /Users/jack/Library/Developer/Xcode/DerivedData/osx-ide-eoaklgmzoruiukhbgdkrilmnzybq/Build/Products/Debug/osx-ide.app/Contents/MacOS/osx-ide.debug.dylib --scan-folder /Users/jack/Library/Developer/Xcode/DerivedData/osx-ide-eoaklgmzoruiukhbgdkrilmnzybq/Build/Products/Debug/osx-ide.app/Contents/Frameworks --scan-folder /Users/jack/Library/Developer/Xcode/DerivedData/osx-ide-eoaklgmzoruiukhbgdkrilmnzybq/Build/Products/Debug/osx-ide.app/Contents/PlugIns --scan-folder /Users/jack/Library/Developer/Xcode/DerivedData/osx-ide-eoaklgmzoruiukhbgdkrilmnzybq/Build/Products/Debug/osx-ide.app/Contents/Library/SystemExtensions --scan-folder /Users/jack/Library/Developer/Xcode/DerivedData/osx-ide-eoaklgmzoruiukhbgdkrilmnzybq/Build/Products/Debug/osx-ide.app/Contents/Extensions --platform macosx --toolchain /Applications/Xcode.app/Contents/Developer/Toolchains/XcodeDefault.xctoolchain --destination /Users/jack/Library/Developer/Xcode/DerivedData/osx-ide-eoaklgmzoruiukhbgdkrilmnzybq/Build/Products/Debug/osx-ide.app/Contents/Frameworks --strip-bitcode --strip-bitcode-tool /Applications/Xcode.app/Contents/Developer/Toolchains/XcodeDefault.xctoolchain/usr/bin/bitcode_strip --emit-dependency-info /Users/jack/Library/Developer/Xcode/DerivedData/osx-ide-eoaklgmzoruiukhbgdkrilmnzybq/Build/Intermediates.noindex/osx-ide.build/Debug/osx-ide.build/SwiftStdLibToolInputDependencies.dep --filter-for-swift-os

SwiftDriver osx-ideTests normal arm64 com.apple.xcode.tools.swift.compiler (in target 'osx-ideTests' from project 'osx-ide')
    cd /Users/jack/Projects/osx/osx-ide
    builtin-SwiftDriver -- /Applications/Xcode.app/Contents/Developer/Toolchains/XcodeDefault.xctoolchain/usr/bin/swiftc -module-name osx_ideTests -Onone -enforce-exclusivity\=checked @/Users/jack/Library/Developer/Xcode/DerivedData/osx-ide-eoaklgmzoruiukhbgdkrilmnzybq/Build/Intermediates.noindex/osx-ide.build/Debug/osx-ideTests.build/Objects-normal/arm64/osx-ideTests.SwiftFileList -DDEBUG -plugin-path /Applications/Xcode.app/Contents/Developer/Toolchains/XcodeDefault.xctoolchain/usr/lib/swift/host/plugins/testing -enable-experimental-feature DebugDescriptionMacro -sdk /Applications/Xcode.app/Contents/Developer/Platforms/MacOSX.platform/Developer/SDKs/MacOSX26.2.sdk -target arm64-apple-macos26.0 -g -module-cache-path /Users/jack/Library/Developer/Xcode/DerivedData/ModuleCache.noindex -Xfrontend -serialize-debugging-options -enable-testing -index-store-path /Users/jack/Library/Developer/Xcode/DerivedData/osx-ide-eoaklgmzoruiukhbgdkrilmnzybq/Index.noindex/DataStore -Xcc -D_LIBCPP_HARDENING_MODE\=_LIBCPP_HARDENING_MODE_DEBUG -swift-version 6 -I /Users/jack/Library/Developer/Xcode/DerivedData/osx-ide-eoaklgmzoruiukhbgdkrilmnzybq/Build/Products/Debug -Isystem /Applications/Xcode.app/Contents/Developer/Platforms/MacOSX.platform/Developer/usr/lib -F /Users/jack/Library/Developer/Xcode/DerivedData/osx-ide-eoaklgmzoruiukhbgdkrilmnzybq/Build/Products/Debug -F /Applications/Xcode.app/Contents/Developer/Platforms/MacOSX.platform/Developer/Library/Frameworks -c -j10 -enable-batch-mode -incremental -Xcc -ivfsstatcache -Xcc /Users/jack/Library/Developer/Xcode/DerivedData/SDKStatCaches.noindex/macosx26.2-25C57-00fa09913b459cbbc988d1f6730289ae.sdkstatcache -output-file-map /Users/jack/Library/Developer/Xcode/DerivedData/osx-ide-eoaklgmzoruiukhbgdkrilmnzybq/Build/Intermediates.noindex/osx-ide.build/Debug/osx-ideTests.build/Objects-normal/arm64/osx-ideTests-OutputFileMap.json -use-frontend-parseable-output -save-temps -no-color-diagnostics -explicit-module-build -module-cache-path /Users/jack/Library/Developer/Xcode/DerivedData/osx-ide-eoaklgmzoruiukhbgdkrilmnzybq/Build/Intermediates.noindex/SwiftExplicitPrecompiledModules -clang-scanner-module-cache-path /Users/jack/Library/Developer/Xcode/DerivedData/ModuleCache.noindex -sdk-module-cache-path /Users/jack/Library/Developer/Xcode/DerivedData/ModuleCache.noindex -serialize-diagnostics -emit-dependencies -emit-module -emit-module-path /Users/jack/Library/Developer/Xcode/DerivedData/osx-ide-eoaklgmzoruiukhbgdkrilmnzybq/Build/Intermediates.noindex/osx-ide.build/Debug/osx-ideTests.build/Objects-normal/arm64/osx_ideTests.swiftmodule -validate-clang-modules-once -clang-build-session-file /Users/jack/Library/Developer/Xcode/DerivedData/ModuleCache.noindex/Session.modulevalidation -Xcc -I/Users/jack/Library/Developer/Xcode/DerivedData/osx-ide-eoaklgmzoruiukhbgdkrilmnzybq/Build/Intermediates.noindex/osx-ide.build/Debug/osx-ideTests.build/swift-overrides.hmap -emit-const-values -Xfrontend -const-gather-protocols-file -Xfrontend /Users/jack/Library/Developer/Xcode/DerivedData/osx-ide-eoaklgmzoruiukhbgdkrilmnzybq/Build/Intermediates.noindex/osx-ide.build/Debug/osx-ideTests.build/Objects-normal/arm64/osx-ideTests_const_extract_protocols.json -Xcc -iquote -Xcc /Users/jack/Library/Developer/Xcode/DerivedData/osx-ide-eoaklgmzoruiukhbgdkrilmnzybq/Build/Intermediates.noindex/osx-ide.build/Debug/osx-ideTests.build/osx-ideTests-generated-files.hmap -Xcc -I/Users/jack/Library/Developer/Xcode/DerivedData/osx-ide-eoaklgmzoruiukhbgdkrilmnzybq/Build/Intermediates.noindex/osx-ide.build/Debug/osx-ideTests.build/osx-ideTests-own-target-headers.hmap -Xcc -I/Users/jack/Library/Developer/Xcode/DerivedData/osx-ide-eoaklgmzoruiukhbgdkrilmnzybq/Build/Intermediates.noindex/osx-ide.build/Debug/osx-ideTests.build/osx-ideTests-all-target-headers.hmap -Xcc -iquote -Xcc /Users/jack/Library/Developer/Xcode/DerivedData/osx-ide-eoaklgmzoruiukhbgdkrilmnzybq/Build/Intermediates.noindex/osx-ide.build/Debug/osx-ideTests.build/osx-ideTests-project-headers.hmap -Xcc -I/Users/jack/Library/Developer/Xcode/DerivedData/osx-ide-eoaklgmzoruiukhbgdkrilmnzybq/Build/Products/Debug/include -Xcc -I/Users/jack/Library/Developer/Xcode/DerivedData/osx-ide-eoaklgmzoruiukhbgdkrilmnzybq/Build/Intermediates.noindex/osx-ide.build/Debug/osx-ideTests.build/DerivedSources-normal/arm64 -Xcc -I/Users/jack/Library/Developer/Xcode/DerivedData/osx-ide-eoaklgmzoruiukhbgdkrilmnzybq/Build/Intermediates.noindex/osx-ide.build/Debug/osx-ideTests.build/DerivedSources/arm64 -Xcc -I/Users/jack/Library/Developer/Xcode/DerivedData/osx-ide-eoaklgmzoruiukhbgdkrilmnzybq/Build/Intermediates.noindex/osx-ide.build/Debug/osx-ideTests.build/DerivedSources -Xcc -DDEBUG\=1 -emit-objc-header -emit-objc-header-path /Users/jack/Library/Developer/Xcode/DerivedData/osx-ide-eoaklgmzoruiukhbgdkrilmnzybq/Build/Intermediates.noindex/osx-ide.build/Debug/osx-ideTests.build/Objects-normal/arm64/osx_ideTests-Swift.h -working-directory /Users/jack/Projects/osx/osx-ide -experimental-emit-module-separately -disable-cmo

ProcessInfoPlistFile /Users/jack/Library/Developer/Xcode/DerivedData/osx-ide-eoaklgmzoruiukhbgdkrilmnzybq/Build/Products/Debug/osx-ide.app/Contents/PlugIns/osx-ideTests.xctest/Contents/Info.plist /Users/jack/Library/Developer/Xcode/DerivedData/osx-ide-eoaklgmzoruiukhbgdkrilmnzybq/Build/Intermediates.noindex/osx-ide.build/Debug/osx-ideTests.build/empty-osx-ideTests.plist (in target 'osx-ideTests' from project 'osx-ide')
    cd /Users/jack/Projects/osx/osx-ide
    builtin-infoPlistUtility /Users/jack/Library/Developer/Xcode/DerivedData/osx-ide-eoaklgmzoruiukhbgdkrilmnzybq/Build/Intermediates.noindex/osx-ide.build/Debug/osx-ideTests.build/empty-osx-ideTests.plist -producttype com.apple.product-type.bundle.unit-test -expandbuildsettings -platform macosx -o /Users/jack/Library/Developer/Xcode/DerivedData/osx-ide-eoaklgmzoruiukhbgdkrilmnzybq/Build/Products/Debug/osx-ide.app/Contents/PlugIns/osx-ideTests.xctest/Contents/Info.plist

SwiftCompile normal arm64 Compiling\ NativeTerminalEmbedderTests.swift /Users/jack/Projects/osx/osx-ide/osx-ideTests/NativeTerminalEmbedderTests.swift (in target 'osx-ideTests' from project 'osx-ide')

SwiftCompile normal arm64 /Users/jack/Projects/osx/osx-ide/osx-ideTests/NativeTerminalEmbedderTests.swift (in target 'osx-ideTests' from project 'osx-ide')
    cd /Users/jack/Projects/osx/osx-ide
    

SwiftCompile normal arm64 Compiling\ ConversationManagerTests.swift /Users/jack/Projects/osx/osx-ide/osx-ideTests/ConversationManagerTests.swift (in target 'osx-ideTests' from project 'osx-ide')
SwiftCompile normal arm64 /Users/jack/Projects/osx/osx-ide/osx-ideTests/ConversationManagerTests.swift (in target 'osx-ideTests' from project 'osx-ide')
    cd /Users/jack/Projects/osx/osx-ide
    

SwiftCompile normal arm64 Compiling\ NucleusTests.swift /Users/jack/Projects/osx/osx-ide/osx-ideTests/NucleusTests.swift (in target 'osx-ideTests' from project 'osx-ide')

SwiftCompile normal arm64 /Users/jack/Projects/osx/osx-ide/osx-ideTests/NucleusTests.swift (in target 'osx-ideTests' from project 'osx-ide')
    cd /Users/jack/Projects/osx/osx-ide
    

SwiftCompile normal arm64 Compiling\ TerminalStressTests.swift /Users/jack/Projects/osx/osx-ide/osx-ideTests/TerminalStressTests.swift (in target 'osx-ideTests' from project 'osx-ide')

SwiftCompile normal arm64 /Users/jack/Projects/osx/osx-ide/osx-ideTests/TerminalStressTests.swift (in target 'osx-ideTests' from project 'osx-ide')
    cd /Users/jack/Projects/osx/osx-ide
    

SwiftEmitModule normal arm64 Emitting\ module\ for\ osx_ideTests (in target 'osx-ideTests' from project 'osx-ide')

EmitSwiftModule normal arm64 (in target 'osx-ideTests' from project 'osx-ide')
    cd /Users/jack/Projects/osx/osx-ide
    

SwiftCompile normal arm64 Compiling\ CodebaseIndexTests.swift /Users/jack/Projects/osx/osx-ide/osx-ideTests/CodebaseIndexTests.swift (in target 'osx-ideTests' from project 'osx-ide')

SwiftCompile normal arm64 /Users/jack/Projects/osx/osx-ide/osx-ideTests/CodebaseIndexTests.swift (in target 'osx-ideTests' from project 'osx-ide')
    cd /Users/jack/Projects/osx/osx-ide
    

SwiftCompile normal arm64 Compiling\ ZshCompletionTests.swift /Users/jack/Projects/osx/osx-ide/osx-ideTests/ZshCompletionTests.swift (in target 'osx-ideTests' from project 'osx-ide')

SwiftCompile normal arm64 /Users/jack/Projects/osx/osx-ide/osx-ideTests/ZshCompletionTests.swift (in target 'osx-ideTests' from project 'osx-ide')
    cd /Users/jack/Projects/osx/osx-ide
    

SwiftCompile normal arm64 Compiling\ osx_ideTests.swift /Users/jack/Projects/osx/osx-ide/osx-ideTests/osx_ideTests.swift (in target 'osx-ideTests' from project 'osx-ide')
SwiftCompile normal arm64 /Users/jack/Projects/osx/osx-ide/osx-ideTests/osx_ideTests.swift (in target 'osx-ideTests' from project 'osx-ide')
    cd /Users/jack/Projects/osx/osx-ide
    
/Users/jack/Projects/osx/osx-ide/osx-ideTests/osx_ideTests.swift:28:46: warning: comparing non-optional value of type 'any ConversationManagerProtocol' to 'nil' always returns true
        #expect(appState.conversationManager != nil, "Should have conversation manager")
                ~~~~~~~~~~~~~~~~~~~~~~~~~~~~ ^  ~~~

SwiftCompile normal arm64 Compiling\ FileTreeIsolationTests.swift /Users/jack/Projects/osx/osx-ide/osx-ideTests/FileTreeIsolationTests.swift (in target 'osx-ideTests' from project 'osx-ide')

SwiftCompile normal arm64 /Users/jack/Projects/osx/osx-ide/osx-ideTests/FileTreeIsolationTests.swift (in target 'osx-ideTests' from project 'osx-ide')
    cd /Users/jack/Projects/osx/osx-ide
    

SwiftCompile normal arm64 Compiling\ ShellManagerTests.swift /Users/jack/Projects/osx/osx-ide/osx-ideTests/ShellManagerTests.swift (in target 'osx-ideTests' from project 'osx-ide')

SwiftCompile normal arm64 /Users/jack/Projects/osx/osx-ide/osx-ideTests/ShellManagerTests.swift (in target 'osx-ideTests' from project 'osx-ide')
    cd /Users/jack/Projects/osx/osx-ide
    
/Users/jack/Projects/osx/osx-ide/osx-ideTests/ShellManagerTests.swift:72:11: warning: 'catch' block is unreachable because no errors are thrown in 'do' block
        } catch {
          ^

SwiftDriverJobDiscovery normal arm64 Compiling NativeTerminalEmbedderTests.swift (in target 'osx-ideTests' from project 'osx-ide')

SwiftDriverJobDiscovery normal arm64 Compiling NucleusTests.swift (in target 'osx-ideTests' from project 'osx-ide')

SwiftDriverJobDiscovery normal arm64 Compiling CodebaseIndexTests.swift (in target 'osx-ideTests' from project 'osx-ide')

SwiftDriverJobDiscovery normal arm64 Compiling ZshCompletionTests.swift (in target 'osx-ideTests' from project 'osx-ide')

SwiftDriverJobDiscovery normal arm64 Compiling ShellManagerTests.swift (in target 'osx-ideTests' from project 'osx-ide')

SwiftDriverJobDiscovery normal arm64 Compiling TerminalStressTests.swift (in target 'osx-ideTests' from project 'osx-ide')

SwiftDriverJobDiscovery normal arm64 Emitting module for osx_ideTests (in target 'osx-ideTests' from project 'osx-ide')

SwiftDriver\ Compilation\ Requirements osx-ideTests normal arm64 com.apple.xcode.tools.swift.compiler (in target 'osx-ideTests' from project 'osx-ide')
    cd /Users/jack/Projects/osx/osx-ide
    builtin-Swift-Compilation-Requirements -- /Applications/Xcode.app/Contents/Developer/Toolchains/XcodeDefault.xctoolchain/usr/bin/swiftc -module-name osx_ideTests -Onone -enforce-exclusivity\=checked @/Users/jack/Library/Developer/Xcode/DerivedData/osx-ide-eoaklgmzoruiukhbgdkrilmnzybq/Build/Intermediates.noindex/osx-ide.build/Debug/osx-ideTests.build/Objects-normal/arm64/osx-ideTests.SwiftFileList -DDEBUG -plugin-path /Applications/Xcode.app/Contents/Developer/Toolchains/XcodeDefault.xctoolchain/usr/lib/swift/host/plugins/testing -enable-experimental-feature DebugDescriptionMacro -sdk /Applications/Xcode.app/Contents/Developer/Platforms/MacOSX.platform/Developer/SDKs/MacOSX26.2.sdk -target arm64-apple-macos26.0 -g -module-cache-path /Users/jack/Library/Developer/Xcode/DerivedData/ModuleCache.noindex -Xfrontend -serialize-debugging-options -enable-testing -index-store-path /Users/jack/Library/Developer/Xcode/DerivedData/osx-ide-eoaklgmzoruiukhbgdkrilmnzybq/Index.noindex/DataStore -Xcc -D_LIBCPP_HARDENING_MODE\=_LIBCPP_HARDENING_MODE_DEBUG -swift-version 6 -I /Users/jack/Library/Developer/Xcode/DerivedData/osx-ide-eoaklgmzoruiukhbgdkrilmnzybq/Build/Products/Debug -Isystem /Applications/Xcode.app/Contents/Developer/Platforms/MacOSX.platform/Developer/usr/lib -F /Users/jack/Library/Developer/Xcode/DerivedData/osx-ide-eoaklgmzoruiukhbgdkrilmnzybq/Build/Products/Debug -F /Applications/Xcode.app/Contents/Developer/Platforms/MacOSX.platform/Developer/Library/Frameworks -c -j10 -enable-batch-mode -incremental -Xcc -ivfsstatcache -Xcc /Users/jack/Library/Developer/Xcode/DerivedData/SDKStatCaches.noindex/macosx26.2-25C57-00fa09913b459cbbc988d1f6730289ae.sdkstatcache -output-file-map /Users/jack/Library/Developer/Xcode/DerivedData/osx-ide-eoaklgmzoruiukhbgdkrilmnzybq/Build/Intermediates.noindex/osx-ide.build/Debug/osx-ideTests.build/Objects-normal/arm64/osx-ideTests-OutputFileMap.json -use-frontend-parseable-output -save-temps -no-color-diagnostics -explicit-module-build -module-cache-path /Users/jack/Library/Developer/Xcode/DerivedData/osx-ide-eoaklgmzoruiukhbgdkrilmnzybq/Build/Intermediates.noindex/SwiftExplicitPrecompiledModules -clang-scanner-module-cache-path /Users/jack/Library/Developer/Xcode/DerivedData/ModuleCache.noindex -sdk-module-cache-path /Users/jack/Library/Developer/Xcode/DerivedData/ModuleCache.noindex -serialize-diagnostics -emit-dependencies -emit-module -emit-module-path /Users/jack/Library/Developer/Xcode/DerivedData/osx-ide-eoaklgmzoruiukhbgdkrilmnzybq/Build/Intermediates.noindex/osx-ide.build/Debug/osx-ideTests.build/Objects-normal/arm64/osx_ideTests.swiftmodule -validate-clang-modules-once -clang-build-session-file /Users/jack/Library/Developer/Xcode/DerivedData/ModuleCache.noindex/Session.modulevalidation -Xcc -I/Users/jack/Library/Developer/Xcode/DerivedData/osx-ide-eoaklgmzoruiukhbgdkrilmnzybq/Build/Intermediates.noindex/osx-ide.build/Debug/osx-ideTests.build/swift-overrides.hmap -emit-const-values -Xfrontend -const-gather-protocols-file -Xfrontend /Users/jack/Library/Developer/Xcode/DerivedData/osx-ide-eoaklgmzoruiukhbgdkrilmnzybq/Build/Intermediates.noindex/osx-ide.build/Debug/osx-ideTests.build/Objects-normal/arm64/osx-ideTests_const_extract_protocols.json -Xcc -iquote -Xcc /Users/jack/Library/Developer/Xcode/DerivedData/osx-ide-eoaklgmzoruiukhbgdkrilmnzybq/Build/Intermediates.noindex/osx-ide.build/Debug/osx-ideTests.build/osx-ideTests-generated-files.hmap -Xcc -I/Users/jack/Library/Developer/Xcode/DerivedData/osx-ide-eoaklgmzoruiukhbgdkrilmnzybq/Build/Intermediates.noindex/osx-ide.build/Debug/osx-ideTests.build/osx-ideTests-own-target-headers.hmap -Xcc -I/Users/jack/Library/Developer/Xcode/DerivedData/osx-ide-eoaklgmzoruiukhbgdkrilmnzybq/Build/Intermediates.noindex/osx-ide.build/Debug/osx-ideTests.build/osx-ideTests-all-target-headers.hmap -Xcc -iquote -Xcc /Users/jack/Library/Developer/Xcode/DerivedData/osx-ide-eoaklgmzoruiukhbgdkrilmnzybq/Build/Intermediates.noindex/osx-ide.build/Debug/osx-ideTests.build/osx-ideTests-project-headers.hmap -Xcc -I/Users/jack/Library/Developer/Xcode/DerivedData/osx-ide-eoaklgmzoruiukhbgdkrilmnzybq/Build/Products/Debug/include -Xcc -I/Users/jack/Library/Developer/Xcode/DerivedData/osx-ide-eoaklgmzoruiukhbgdkrilmnzybq/Build/Intermediates.noindex/osx-ide.build/Debug/osx-ideTests.build/DerivedSources-normal/arm64 -Xcc -I/Users/jack/Library/Developer/Xcode/DerivedData/osx-ide-eoaklgmzoruiukhbgdkrilmnzybq/Build/Intermediates.noindex/osx-ide.build/Debug/osx-ideTests.build/DerivedSources/arm64 -Xcc -I/Users/jack/Library/Developer/Xcode/DerivedData/osx-ide-eoaklgmzoruiukhbgdkrilmnzybq/Build/Intermediates.noindex/osx-ide.build/Debug/osx-ideTests.build/DerivedSources -Xcc -DDEBUG\=1 -emit-objc-header -emit-objc-header-path /Users/jack/Library/Developer/Xcode/DerivedData/osx-ide-eoaklgmzoruiukhbgdkrilmnzybq/Build/Intermediates.noindex/osx-ide.build/Debug/osx-ideTests.build/Objects-normal/arm64/osx_ideTests-Swift.h -working-directory /Users/jack/Projects/osx/osx-ide -experimental-emit-module-separately -disable-cmo

Copy /Users/jack/Library/Developer/Xcode/DerivedData/osx-ide-eoaklgmzoruiukhbgdkrilmnzybq/Build/Products/Debug/osx_ideTests.swiftmodule/arm64-apple-macos.swiftmodule /Users/jack/Library/Developer/Xcode/DerivedData/osx-ide-eoaklgmzoruiukhbgdkrilmnzybq/Build/Intermediates.noindex/osx-ide.build/Debug/osx-ideTests.build/Objects-normal/arm64/osx_ideTests.swiftmodule (in target 'osx-ideTests' from project 'osx-ide')
    cd /Users/jack/Projects/osx/osx-ide
    builtin-copy -exclude .DS_Store -exclude CVS -exclude .svn -exclude .git -exclude .hg -resolve-src-symlinks -rename /Users/jack/Library/Developer/Xcode/DerivedData/osx-ide-eoaklgmzoruiukhbgdkrilmnzybq/Build/Intermediates.noindex/osx-ide.build/Debug/osx-ideTests.build/Objects-normal/arm64/osx_ideTests.swiftmodule /Users/jack/Library/Developer/Xcode/DerivedData/osx-ide-eoaklgmzoruiukhbgdkrilmnzybq/Build/Products/Debug/osx_ideTests.swiftmodule/arm64-apple-macos.swiftmodule

Copy /Users/jack/Library/Developer/Xcode/DerivedData/osx-ide-eoaklgmzoruiukhbgdkrilmnzybq/Build/Products/Debug/osx_ideTests.swiftmodule/arm64-apple-macos.abi.json /Users/jack/Library/Developer/Xcode/DerivedData/osx-ide-eoaklgmzoruiukhbgdkrilmnzybq/Build/Intermediates.noindex/osx-ide.build/Debug/osx-ideTests.build/Objects-normal/arm64/osx_ideTests.abi.json (in target 'osx-ideTests' from project 'osx-ide')
    cd /Users/jack/Projects/osx/osx-ide
    builtin-copy -exclude .DS_Store -exclude CVS -exclude .svn -exclude .git -exclude .hg -resolve-src-symlinks -rename /Users/jack/Library/Developer/Xcode/DerivedData/osx-ide-eoaklgmzoruiukhbgdkrilmnzybq/Build/Intermediates.noindex/osx-ide.build/Debug/osx-ideTests.build/Objects-normal/arm64/osx_ideTests.abi.json /Users/jack/Library/Developer/Xcode/DerivedData/osx-ide-eoaklgmzoruiukhbgdkrilmnzybq/Build/Products/Debug/osx_ideTests.swiftmodule/arm64-apple-macos.abi.json

Copy /Users/jack/Library/Developer/Xcode/DerivedData/osx-ide-eoaklgmzoruiukhbgdkrilmnzybq/Build/Products/Debug/osx_ideTests.swiftmodule/Project/arm64-apple-macos.swiftsourceinfo /Users/jack/Library/Developer/Xcode/DerivedData/osx-ide-eoaklgmzoruiukhbgdkrilmnzybq/Build/Intermediates.noindex/osx-ide.build/Debug/osx-ideTests.build/Objects-normal/arm64/osx_ideTests.swiftsourceinfo (in target 'osx-ideTests' from project 'osx-ide')
    cd /Users/jack/Projects/osx/osx-ide
    builtin-copy -exclude .DS_Store -exclude CVS -exclude .svn -exclude .git -exclude .hg -resolve-src-symlinks -rename /Users/jack/Library/Developer/Xcode/DerivedData/osx-ide-eoaklgmzoruiukhbgdkrilmnzybq/Build/Intermediates.noindex/osx-ide.build/Debug/osx-ideTests.build/Objects-normal/arm64/osx_ideTests.swiftsourceinfo /Users/jack/Library/Developer/Xcode/DerivedData/osx-ide-eoaklgmzoruiukhbgdkrilmnzybq/Build/Products/Debug/osx_ideTests.swiftmodule/Project/arm64-apple-macos.swiftsourceinfo

SwiftDriverJobDiscovery normal arm64 Compiling ConversationManagerTests.swift (in target 'osx-ideTests' from project 'osx-ide')

SwiftDriverJobDiscovery normal arm64 Compiling FileTreeIsolationTests.swift (in target 'osx-ideTests' from project 'osx-ide')

SwiftDriverJobDiscovery normal arm64 Compiling osx_ideTests.swift (in target 'osx-ideTests' from project 'osx-ide')

SwiftDriver\ Compilation osx-ideTests normal arm64 com.apple.xcode.tools.swift.compiler (in target 'osx-ideTests' from project 'osx-ide')
    cd /Users/jack/Projects/osx/osx-ide
    builtin-Swift-Compilation -- /Applications/Xcode.app/Contents/Developer/Toolchains/XcodeDefault.xctoolchain/usr/bin/swiftc -module-name osx_ideTests -Onone -enforce-exclusivity\=checked @/Users/jack/Library/Developer/Xcode/DerivedData/osx-ide-eoaklgmzoruiukhbgdkrilmnzybq/Build/Intermediates.noindex/osx-ide.build/Debug/osx-ideTests.build/Objects-normal/arm64/osx-ideTests.SwiftFileList -DDEBUG -plugin-path /Applications/Xcode.app/Contents/Developer/Toolchains/XcodeDefault.xctoolchain/usr/lib/swift/host/plugins/testing -enable-experimental-feature DebugDescriptionMacro -sdk /Applications/Xcode.app/Contents/Developer/Platforms/MacOSX.platform/Developer/SDKs/MacOSX26.2.sdk -target arm64-apple-macos26.0 -g -module-cache-path /Users/jack/Library/Developer/Xcode/DerivedData/ModuleCache.noindex -Xfrontend -serialize-debugging-options -enable-testing -index-store-path /Users/jack/Library/Developer/Xcode/DerivedData/osx-ide-eoaklgmzoruiukhbgdkrilmnzybq/Index.noindex/DataStore -Xcc -D_LIBCPP_HARDENING_MODE\=_LIBCPP_HARDENING_MODE_DEBUG -swift-version 6 -I /Users/jack/Library/Developer/Xcode/DerivedData/osx-ide-eoaklgmzoruiukhbgdkrilmnzybq/Build/Products/Debug -Isystem /Applications/Xcode.app/Contents/Developer/Platforms/MacOSX.platform/Developer/usr/lib -F /Users/jack/Library/Developer/Xcode/DerivedData/osx-ide-eoaklgmzoruiukhbgdkrilmnzybq/Build/Products/Debug -F /Applications/Xcode.app/Contents/Developer/Platforms/MacOSX.platform/Developer/Library/Frameworks -c -j10 -enable-batch-mode -incremental -Xcc -ivfsstatcache -Xcc /Users/jack/Library/Developer/Xcode/DerivedData/SDKStatCaches.noindex/macosx26.2-25C57-00fa09913b459cbbc988d1f6730289ae.sdkstatcache -output-file-map /Users/jack/Library/Developer/Xcode/DerivedData/osx-ide-eoaklgmzoruiukhbgdkrilmnzybq/Build/Intermediates.noindex/osx-ide.build/Debug/osx-ideTests.build/Objects-normal/arm64/osx-ideTests-OutputFileMap.json -use-frontend-parseable-output -save-temps -no-color-diagnostics -explicit-module-build -module-cache-path /Users/jack/Library/Developer/Xcode/DerivedData/osx-ide-eoaklgmzoruiukhbgdkrilmnzybq/Build/Intermediates.noindex/SwiftExplicitPrecompiledModules -clang-scanner-module-cache-path /Users/jack/Library/Developer/Xcode/DerivedData/ModuleCache.noindex -sdk-module-cache-path /Users/jack/Library/Developer/Xcode/DerivedData/ModuleCache.noindex -serialize-diagnostics -emit-dependencies -emit-module -emit-module-path /Users/jack/Library/Developer/Xcode/DerivedData/osx-ide-eoaklgmzoruiukhbgdkrilmnzybq/Build/Intermediates.noindex/osx-ide.build/Debug/osx-ideTests.build/Objects-normal/arm64/osx_ideTests.swiftmodule -validate-clang-modules-once -clang-build-session-file /Users/jack/Library/Developer/Xcode/DerivedData/ModuleCache.noindex/Session.modulevalidation -Xcc -I/Users/jack/Library/Developer/Xcode/DerivedData/osx-ide-eoaklgmzoruiukhbgdkrilmnzybq/Build/Intermediates.noindex/osx-ide.build/Debug/osx-ideTests.build/swift-overrides.hmap -emit-const-values -Xfrontend -const-gather-protocols-file -Xfrontend /Users/jack/Library/Developer/Xcode/DerivedData/osx-ide-eoaklgmzoruiukhbgdkrilmnzybq/Build/Intermediates.noindex/osx-ide.build/Debug/osx-ideTests.build/Objects-normal/arm64/osx-ideTests_const_extract_protocols.json -Xcc -iquote -Xcc /Users/jack/Library/Developer/Xcode/DerivedData/osx-ide-eoaklgmzoruiukhbgdkrilmnzybq/Build/Intermediates.noindex/osx-ide.build/Debug/osx-ideTests.build/osx-ideTests-generated-files.hmap -Xcc -I/Users/jack/Library/Developer/Xcode/DerivedData/osx-ide-eoaklgmzoruiukhbgdkrilmnzybq/Build/Intermediates.noindex/osx-ide.build/Debug/osx-ideTests.build/osx-ideTests-own-target-headers.hmap -Xcc -I/Users/jack/Library/Developer/Xcode/DerivedData/osx-ide-eoaklgmzoruiukhbgdkrilmnzybq/Build/Intermediates.noindex/osx-ide.build/Debug/osx-ideTests.build/osx-ideTests-all-target-headers.hmap -Xcc -iquote -Xcc /Users/jack/Library/Developer/Xcode/DerivedData/osx-ide-eoaklgmzoruiukhbgdkrilmnzybq/Build/Intermediates.noindex/osx-ide.build/Debug/osx-ideTests.build/osx-ideTests-project-headers.hmap -Xcc -I/Users/jack/Library/Developer/Xcode/DerivedData/osx-ide-eoaklgmzoruiukhbgdkrilmnzybq/Build/Products/Debug/include -Xcc -I/Users/jack/Library/Developer/Xcode/DerivedData/osx-ide-eoaklgmzoruiukhbgdkrilmnzybq/Build/Intermediates.noindex/osx-ide.build/Debug/osx-ideTests.build/DerivedSources-normal/arm64 -Xcc -I/Users/jack/Library/Developer/Xcode/DerivedData/osx-ide-eoaklgmzoruiukhbgdkrilmnzybq/Build/Intermediates.noindex/osx-ide.build/Debug/osx-ideTests.build/DerivedSources/arm64 -Xcc -I/Users/jack/Library/Developer/Xcode/DerivedData/osx-ide-eoaklgmzoruiukhbgdkrilmnzybq/Build/Intermediates.noindex/osx-ide.build/Debug/osx-ideTests.build/DerivedSources -Xcc -DDEBUG\=1 -emit-objc-header -emit-objc-header-path /Users/jack/Library/Developer/Xcode/DerivedData/osx-ide-eoaklgmzoruiukhbgdkrilmnzybq/Build/Intermediates.noindex/osx-ide.build/Debug/osx-ideTests.build/Objects-normal/arm64/osx_ideTests-Swift.h -working-directory /Users/jack/Projects/osx/osx-ide -experimental-emit-module-separately -disable-cmo

Ld /Users/jack/Library/Developer/Xcode/DerivedData/osx-ide-eoaklgmzoruiukhbgdkrilmnzybq/Build/Products/Debug/osx-ide.app/Contents/PlugIns/osx-ideTests.xctest/Contents/MacOS/osx-ideTests normal (in target 'osx-ideTests' from project 'osx-ide')
    cd /Users/jack/Projects/osx/osx-ide
    /Applications/Xcode.app/Contents/Developer/Toolchains/XcodeDefault.xctoolchain/usr/bin/clang -Xlinker -reproducible -target arm64-apple-macos26.0 -bundle -isysroot /Applications/Xcode.app/Contents/Developer/Platforms/MacOSX.platform/Developer/SDKs/MacOSX26.2.sdk -O0 -L/Users/jack/Library/Developer/Xcode/DerivedData/osx-ide-eoaklgmzoruiukhbgdkrilmnzybq/Build/Intermediates.noindex/EagerLinkingTBDs/Debug -L/Users/jack/Library/Developer/Xcode/DerivedData/osx-ide-eoaklgmzoruiukhbgdkrilmnzybq/Build/Products/Debug -L/Applications/Xcode.app/Contents/Developer/Platforms/MacOSX.platform/Developer/usr/lib -F/Users/jack/Library/Developer/Xcode/DerivedData/osx-ide-eoaklgmzoruiukhbgdkrilmnzybq/Build/Intermediates.noindex/EagerLinkingTBDs/Debug -F/Users/jack/Library/Developer/Xcode/DerivedData/osx-ide-eoaklgmzoruiukhbgdkrilmnzybq/Build/Products/Debug -iframework /Applications/Xcode.app/Contents/Developer/Platforms/MacOSX.platform/Developer/Library/Frameworks -filelist /Users/jack/Library/Developer/Xcode/DerivedData/osx-ide-eoaklgmzoruiukhbgdkrilmnzybq/Build/Intermediates.noindex/osx-ide.build/Debug/osx-ideTests.build/Objects-normal/arm64/osx-ideTests.LinkFileList -Xlinker -rpath -Xlinker @loader_path/../Frameworks -Xlinker -rpath -Xlinker @executable_path/../Frameworks -dead_strip -bundle_loader /Users/jack/Library/Developer/Xcode/DerivedData/osx-ide-eoaklgmzoruiukhbgdkrilmnzybq/Build/Products/Debug/osx-ide.app/Contents/MacOS/osx-ide -Xlinker -object_path_lto -Xlinker /Users/jack/Library/Developer/Xcode/DerivedData/osx-ide-eoaklgmzoruiukhbgdkrilmnzybq/Build/Intermediates.noindex/osx-ide.build/Debug/osx-ideTests.build/Objects-normal/arm64/osx-ideTests_lto.o -rdynamic -Xlinker -no_deduplicate -Xlinker -dependency_info -Xlinker /Users/jack/Library/Developer/Xcode/DerivedData/osx-ide-eoaklgmzoruiukhbgdkrilmnzybq/Build/Intermediates.noindex/osx-ide.build/Debug/osx-ideTests.build/Objects-normal/arm64/osx-ideTests_dependency_info.dat -fobjc-link-runtime -L/Applications/Xcode.app/Contents/Developer/Toolchains/XcodeDefault.xctoolchain/usr/lib/swift/macosx -L/usr/lib/swift -Xlinker -add_ast_path -Xlinker /Users/jack/Library/Developer/Xcode/DerivedData/osx-ide-eoaklgmzoruiukhbgdkrilmnzybq/Build/Intermediates.noindex/osx-ide.build/Debug/osx-ideTests.build/Objects-normal/arm64/osx_ideTests.swiftmodule @/Users/jack/Library/Developer/Xcode/DerivedData/osx-ide-eoaklgmzoruiukhbgdkrilmnzybq/Build/Intermediates.noindex/osx-ide.build/Debug/osx-ideTests.build/Objects-normal/arm64/osx_ideTests-linker-args.resp -Xlinker -needed_framework -Xlinker XCTest -framework XCTest -Xlinker -needed-lXCTestSwiftSupport -lXCTestSwiftSupport /Users/jack/Library/Developer/Xcode/DerivedData/osx-ide-eoaklgmzoruiukhbgdkrilmnzybq/Build/Products/Debug/osx-ide.app/Contents/MacOS/osx-ide.debug.dylib -Xlinker -no_adhoc_codesign -o /Users/jack/Library/Developer/Xcode/DerivedData/osx-ide-eoaklgmzoruiukhbgdkrilmnzybq/Build/Products/Debug/osx-ide.app/Contents/PlugIns/osx-ideTests.xctest/Contents/MacOS/osx-ideTests

CopySwiftLibs /Users/jack/Library/Developer/Xcode/DerivedData/osx-ide-eoaklgmzoruiukhbgdkrilmnzybq/Build/Products/Debug/osx-ide.app/Contents/PlugIns/osx-ideTests.xctest (in target 'osx-ideTests' from project 'osx-ide')
    cd /Users/jack/Projects/osx/osx-ide
    builtin-swiftStdLibTool --copy --verbose --sign - --scan-executable /Users/jack/Library/Developer/Xcode/DerivedData/osx-ide-eoaklgmzoruiukhbgdkrilmnzybq/Build/Products/Debug/osx-ide.app/Contents/PlugIns/osx-ideTests.xctest/Contents/MacOS/osx-ideTests --scan-folder /Users/jack/Library/Developer/Xcode/DerivedData/osx-ide-eoaklgmzoruiukhbgdkrilmnzybq/Build/Products/Debug/osx-ide.app/Contents/PlugIns/osx-ideTests.xctest/Contents/Frameworks --scan-folder /Users/jack/Library/Developer/Xcode/DerivedData/osx-ide-eoaklgmzoruiukhbgdkrilmnzybq/Build/Products/Debug/osx-ide.app/Contents/PlugIns/osx-ideTests.xctest/Contents/PlugIns --scan-folder /Users/jack/Library/Developer/Xcode/DerivedData/osx-ide-eoaklgmzoruiukhbgdkrilmnzybq/Build/Products/Debug/osx-ide.app/Contents/PlugIns/osx-ideTests.xctest/Contents/Library/SystemExtensions --scan-folder /Users/jack/Library/Developer/Xcode/DerivedData/osx-ide-eoaklgmzoruiukhbgdkrilmnzybq/Build/Products/Debug/osx-ide.app/Contents/PlugIns/osx-ideTests.xctest/Contents/Extensions --platform macosx --toolchain /Applications/Xcode.app/Contents/Developer/Toolchains/XcodeDefault.xctoolchain --destination /Users/jack/Library/Developer/Xcode/DerivedData/osx-ide-eoaklgmzoruiukhbgdkrilmnzybq/Build/Products/Debug/osx-ide.app/Contents/PlugIns/osx-ideTests.xctest/Contents/Frameworks --strip-bitcode --scan-executable /Applications/Xcode.app/Contents/Developer/Platforms/MacOSX.platform/Developer/usr/lib/libXCTestSwiftSupport.dylib --strip-bitcode-tool /Applications/Xcode.app/Contents/Developer/Toolchains/XcodeDefault.xctoolchain/usr/bin/bitcode_strip --emit-dependency-info /Users/jack/Library/Developer/Xcode/DerivedData/osx-ide-eoaklgmzoruiukhbgdkrilmnzybq/Build/Intermediates.noindex/osx-ide.build/Debug/osx-ideTests.build/SwiftStdLibToolInputDependencies.dep --filter-for-swift-os

ExtractAppIntentsMetadata (in target 'osx-ideTests' from project 'osx-ide')
    cd /Users/jack/Projects/osx/osx-ide
    /Applications/Xcode.app/Contents/Developer/Toolchains/XcodeDefault.xctoolchain/usr/bin/appintentsmetadataprocessor --toolchain-dir /Applications/Xcode.app/Contents/Developer/Toolchains/XcodeDefault.xctoolchain --module-name osx_ideTests --sdk-root /Applications/Xcode.app/Contents/Developer/Platforms/MacOSX.platform/Developer/SDKs/MacOSX26.2.sdk --xcode-version 17C52 --platform-family macOS --deployment-target 26.0 --bundle-identifier tdc.osx-ideTests --output /Users/jack/Library/Developer/Xcode/DerivedData/osx-ide-eoaklgmzoruiukhbgdkrilmnzybq/Build/Products/Debug/osx-ide.app/Contents/PlugIns/osx-ideTests.xctest/Contents/Resources --target-triple arm64-apple-macos26.0 --binary-file /Users/jack/Library/Developer/Xcode/DerivedData/osx-ide-eoaklgmzoruiukhbgdkrilmnzybq/Build/Products/Debug/osx-ide.app/Contents/PlugIns/osx-ideTests.xctest/Contents/MacOS/osx-ideTests --dependency-file /Users/jack/Library/Developer/Xcode/DerivedData/osx-ide-eoaklgmzoruiukhbgdkrilmnzybq/Build/Intermediates.noindex/osx-ide.build/Debug/osx-ideTests.build/Objects-normal/arm64/osx-ideTests_dependency_info.dat --stringsdata-file /Users/jack/Library/Developer/Xcode/DerivedData/osx-ide-eoaklgmzoruiukhbgdkrilmnzybq/Build/Intermediates.noindex/osx-ide.build/Debug/osx-ideTests.build/Objects-normal/arm64/ExtractedAppShortcutsMetadata.stringsdata --source-file-list /Users/jack/Library/Developer/Xcode/DerivedData/osx-ide-eoaklgmzoruiukhbgdkrilmnzybq/Build/Intermediates.noindex/osx-ide.build/Debug/osx-ideTests.build/Objects-normal/arm64/osx-ideTests.SwiftFileList --metadata-file-list /Users/jack/Library/Developer/Xcode/DerivedData/osx-ide-eoaklgmzoruiukhbgdkrilmnzybq/Build/Intermediates.noindex/osx-ide.build/Debug/osx-ideTests.build/osx-ideTests.DependencyMetadataFileList --static-metadata-file-list /Users/jack/Library/Developer/Xcode/DerivedData/osx-ide-eoaklgmzoruiukhbgdkrilmnzybq/Build/Intermediates.noindex/osx-ide.build/Debug/osx-ideTests.build/osx-ideTests.DependencyStaticMetadataFileList --swift-const-vals-list /Users/jack/Library/Developer/Xcode/DerivedData/osx-ide-eoaklgmzoruiukhbgdkrilmnzybq/Build/Intermediates.noindex/osx-ide.build/Debug/osx-ideTests.build/Objects-normal/arm64/osx-ideTests.SwiftConstValuesFileList --compile-time-extraction --deployment-aware-processing --validate-assistant-intents --no-app-shortcuts-localization
2025-12-23 16:42:04.558 appintentsmetadataprocessor[72346:4748317] Starting appintentsmetadataprocessor export
2025-12-23 16:42:04.559 appintentsmetadataprocessor[72346:4748317] warning: Metadata extraction skipped. No AppIntents.framework dependency found.

CodeSign /Users/jack/Library/Developer/Xcode/DerivedData/osx-ide-eoaklgmzoruiukhbgdkrilmnzybq/Build/Products/Debug/osx-ide.app/Contents/PlugIns/osx-ideTests.xctest (in target 'osx-ideTests' from project 'osx-ide')
    cd /Users/jack/Projects/osx/osx-ide
    
    Signing Identity:     "Sign to Run Locally"
    
    /usr/bin/codesign --force --sign - --timestamp\=none --generate-entitlement-der /Users/jack/Library/Developer/Xcode/DerivedData/osx-ide-eoaklgmzoruiukhbgdkrilmnzybq/Build/Products/Debug/osx-ide.app/Contents/PlugIns/osx-ideTests.xctest

RegisterExecutionPolicyException /Users/jack/Library/Developer/Xcode/DerivedData/osx-ide-eoaklgmzoruiukhbgdkrilmnzybq/Build/Products/Debug/osx-ide.app/Contents/PlugIns/osx-ideTests.xctest (in target 'osx-ideTests' from project 'osx-ide')
    cd /Users/jack/Projects/osx/osx-ide
    builtin-RegisterExecutionPolicyException /Users/jack/Library/Developer/Xcode/DerivedData/osx-ide-eoaklgmzoruiukhbgdkrilmnzybq/Build/Products/Debug/osx-ide.app/Contents/PlugIns/osx-ideTests.xctest

Touch /Users/jack/Library/Developer/Xcode/DerivedData/osx-ide-eoaklgmzoruiukhbgdkrilmnzybq/Build/Products/Debug/osx-ide.app/Contents/PlugIns/osx-ideTests.xctest (in target 'osx-ideTests' from project 'osx-ide')
    cd /Users/jack/Projects/osx/osx-ide
    /usr/bin/touch -c /Users/jack/Library/Developer/Xcode/DerivedData/osx-ide-eoaklgmzoruiukhbgdkrilmnzybq/Build/Products/Debug/osx-ide.app/Contents/PlugIns/osx-ideTests.xctest

CodeSign /Users/jack/Library/Developer/Xcode/DerivedData/osx-ide-eoaklgmzoruiukhbgdkrilmnzybq/Build/Products/Debug/osx-ide.app/Contents/MacOS/osx-ide.debug.dylib (in target 'osx-ide' from project 'osx-ide')
    cd /Users/jack/Projects/osx/osx-ide
    
    Signing Identity:     "Sign to Run Locally"
    
    /usr/bin/codesign --force --sign - --timestamp\=none --generate-entitlement-der /Users/jack/Library/Developer/Xcode/DerivedData/osx-ide-eoaklgmzoruiukhbgdkrilmnzybq/Build/Products/Debug/osx-ide.app/Contents/MacOS/osx-ide.debug.dylib
/Users/jack/Library/Developer/Xcode/DerivedData/osx-ide-eoaklgmzoruiukhbgdkrilmnzybq/Build/Products/Debug/osx-ide.app/Contents/MacOS/osx-ide.debug.dylib: replacing existing signature

CodeSign /Users/jack/Library/Developer/Xcode/DerivedData/osx-ide-eoaklgmzoruiukhbgdkrilmnzybq/Build/Products/Debug/osx-ide.app/Contents/MacOS/__preview.dylib (in target 'osx-ide' from project 'osx-ide')
    cd /Users/jack/Projects/osx/osx-ide
    
    Signing Identity:     "Sign to Run Locally"
    
    /usr/bin/codesign --force --sign - --timestamp\=none --generate-entitlement-der /Users/jack/Library/Developer/Xcode/DerivedData/osx-ide-eoaklgmzoruiukhbgdkrilmnzybq/Build/Products/Debug/osx-ide.app/Contents/MacOS/__preview.dylib
/Users/jack/Library/Developer/Xcode/DerivedData/osx-ide-eoaklgmzoruiukhbgdkrilmnzybq/Build/Products/Debug/osx-ide.app/Contents/MacOS/__preview.dylib: replacing existing signature

CodeSign /Users/jack/Library/Developer/Xcode/DerivedData/osx-ide-eoaklgmzoruiukhbgdkrilmnzybq/Build/Products/Debug/osx-ide.app (in target 'osx-ide' from project 'osx-ide')
    cd /Users/jack/Projects/osx/osx-ide
    
    Signing Identity:     "Sign to Run Locally"
    
    /usr/bin/codesign --force --sign - --entitlements /Users/jack/Library/Developer/Xcode/DerivedData/osx-ide-eoaklgmzoruiukhbgdkrilmnzybq/Build/Intermediates.noindex/osx-ide.build/Debug/osx-ide.build/osx-ide.app.xcent --timestamp\=none --generate-entitlement-der /Users/jack/Library/Developer/Xcode/DerivedData/osx-ide-eoaklgmzoruiukhbgdkrilmnzybq/Build/Products/Debug/osx-ide.app
/Users/jack/Library/Developer/Xcode/DerivedData/osx-ide-eoaklgmzoruiukhbgdkrilmnzybq/Build/Products/Debug/osx-ide.app: replacing existing signature

Validate /Users/jack/Library/Developer/Xcode/DerivedData/osx-ide-eoaklgmzoruiukhbgdkrilmnzybq/Build/Products/Debug/osx-ide.app (in target 'osx-ide' from project 'osx-ide')
    cd /Users/jack/Projects/osx/osx-ide
    builtin-validationUtility /Users/jack/Library/Developer/Xcode/DerivedData/osx-ide-eoaklgmzoruiukhbgdkrilmnzybq/Build/Products/Debug/osx-ide.app -no-validate-extension -infoplist-subpath Contents/Info.plist

RegisterWithLaunchServices /Users/jack/Library/Developer/Xcode/DerivedData/osx-ide-eoaklgmzoruiukhbgdkrilmnzybq/Build/Products/Debug/osx-ide.app (in target 'osx-ide' from project 'osx-ide')
    cd /Users/jack/Projects/osx/osx-ide
    /System/Library/Frameworks/CoreServices.framework/Versions/Current/Frameworks/LaunchServices.framework/Versions/Current/Support/lsregister -f -R -trusted /Users/jack/Library/Developer/Xcode/DerivedData/osx-ide-eoaklgmzoruiukhbgdkrilmnzybq/Build/Products/Debug/osx-ide.app

ProcessInfoPlistFile /Users/jack/Library/Developer/Xcode/DerivedData/osx-ide-eoaklgmzoruiukhbgdkrilmnzybq/Build/Products/Debug/osx-ideUITests-Runner.app/Contents/PlugIns/osx-ideUITests.xctest/Contents/Info.plist /Users/jack/Library/Developer/Xcode/DerivedData/osx-ide-eoaklgmzoruiukhbgdkrilmnzybq/Build/Intermediates.noindex/osx-ide.build/Debug/osx-ideUITests.build/empty-osx-ideUITests.plist (in target 'osx-ideUITests' from project 'osx-ide')
    cd /Users/jack/Projects/osx/osx-ide
    builtin-infoPlistUtility /Users/jack/Library/Developer/Xcode/DerivedData/osx-ide-eoaklgmzoruiukhbgdkrilmnzybq/Build/Intermediates.noindex/osx-ide.build/Debug/osx-ideUITests.build/empty-osx-ideUITests.plist -producttype com.apple.product-type.bundle.ui-testing -expandbuildsettings -platform macosx -additionalcontentfile /Users/jack/Library/Developer/Xcode/DerivedData/osx-ide-eoaklgmzoruiukhbgdkrilmnzybq/Build/Intermediates.noindex/osx-ide.build/Debug/osx-ideUITests.build/ProductTypeInfoPlistAdditions.plist -o /Users/jack/Library/Developer/Xcode/DerivedData/osx-ide-eoaklgmzoruiukhbgdkrilmnzybq/Build/Products/Debug/osx-ideUITests-Runner.app/Contents/PlugIns/osx-ideUITests.xctest/Contents/Info.plist

CopySwiftLibs /Users/jack/Library/Developer/Xcode/DerivedData/osx-ide-eoaklgmzoruiukhbgdkrilmnzybq/Build/Products/Debug/osx-ideUITests-Runner.app/Contents/PlugIns/osx-ideUITests.xctest (in target 'osx-ideUITests' from project 'osx-ide')
    cd /Users/jack/Projects/osx/osx-ide
    builtin-swiftStdLibTool --copy --verbose --sign - --scan-executable /Users/jack/Library/Developer/Xcode/DerivedData/osx-ide-eoaklgmzoruiukhbgdkrilmnzybq/Build/Products/Debug/osx-ideUITests-Runner.app/Contents/PlugIns/osx-ideUITests.xctest/Contents/MacOS/osx-ideUITests --scan-folder /Users/jack/Library/Developer/Xcode/DerivedData/osx-ide-eoaklgmzoruiukhbgdkrilmnzybq/Build/Products/Debug/osx-ideUITests-Runner.app/Contents/PlugIns/osx-ideUITests.xctest/Contents/Frameworks --scan-folder /Users/jack/Library/Developer/Xcode/DerivedData/osx-ide-eoaklgmzoruiukhbgdkrilmnzybq/Build/Products/Debug/osx-ideUITests-Runner.app/Contents/PlugIns/osx-ideUITests.xctest/Contents/PlugIns --scan-folder /Users/jack/Library/Developer/Xcode/DerivedData/osx-ide-eoaklgmzoruiukhbgdkrilmnzybq/Build/Products/Debug/osx-ideUITests-Runner.app/Contents/PlugIns/osx-ideUITests.xctest/Contents/Library/SystemExtensions --scan-folder /Users/jack/Library/Developer/Xcode/DerivedData/osx-ide-eoaklgmzoruiukhbgdkrilmnzybq/Build/Products/Debug/osx-ideUITests-Runner.app/Contents/PlugIns/osx-ideUITests.xctest/Contents/Extensions --platform macosx --toolchain /Applications/Xcode.app/Contents/Developer/Toolchains/XcodeDefault.xctoolchain --destination /Users/jack/Library/Developer/Xcode/DerivedData/osx-ide-eoaklgmzoruiukhbgdkrilmnzybq/Build/Products/Debug/osx-ideUITests-Runner.app/Contents/PlugIns/osx-ideUITests.xctest/Contents/Frameworks --strip-bitcode --scan-executable /Applications/Xcode.app/Contents/Developer/Platforms/MacOSX.platform/Developer/usr/lib/libXCTestSwiftSupport.dylib --strip-bitcode-tool /Applications/Xcode.app/Contents/Developer/Toolchains/XcodeDefault.xctoolchain/usr/bin/bitcode_strip --emit-dependency-info /Users/jack/Library/Developer/Xcode/DerivedData/osx-ide-eoaklgmzoruiukhbgdkrilmnzybq/Build/Intermediates.noindex/osx-ide.build/Debug/osx-ideUITests.build/SwiftStdLibToolInputDependencies.dep --filter-for-swift-os

2025-12-23 16:42:06.216994+0400 osx-ide[72355:4748443] [User Defaults] CFPrefsPlistSource<0x107971af0> (Domain: kCFPreferencesAnyApplication, User: kCFPreferencesCurrentUser, ByHost: No, Container: (null), Contents Need Refresh: No): Value for key AppleLanguages was (
    "en-AE"
). Expected (
    "en-AE",
    "pl-AE"
) (UserAccountUpdater(1368): 2025-05-10 14:09:24 (PDT))
[UIRegistry] Registered 'Internal.FileExplorer' at ide.sidebar.left
[UIRegistry] Registered 'Internal.Terminal' at ide.panel.bottom
[UIRegistry] Registered 'Internal.AIChat' at ide.panel.right
[CommandRegistry] Registered: file.new
[CommandRegistry] Registered: file.open
[CommandRegistry] Registered: file.openFolder
[CommandRegistry] Registered: file.save
[CommandRegistry] Registered: file.saveAs
[CorePlugin] Initialized core UI components and commands
2025-12-23 16:42:06.404238+0400 osx-ide[72355:4748395] ApplePersistenceIgnoreState: Existing state will not be touched. New state will be written to /var/folders/xw/1ts56fvd6nz1r7zybsbkq6gm0000gn/T/tdc.osx-ide.savedState
2025-12-23 16:42:06.755073+0400 osx-ide[72355:4748444] [Common] Unable to obtain a task name port right for pid 394: (os/kern) failure (0x5)
Test Suite 'All tests' started at 2025-12-23 16:42:08.247.
Test Suite 'osx-ideTests.xctest' started at 2025-12-23 16:42:08.247.
Test Suite 'CodebaseIndexTests' started at 2025-12-23 16:42:08.247.
Test Case '-[osx_ideTests.CodebaseIndexTests testDatabaseManagerCreatesSchema]' started.
Test Case '-[osx_ideTests.CodebaseIndexTests testDatabaseManagerCreatesSchema]' passed (0.005 seconds).
Test Case '-[osx_ideTests.CodebaseIndexTests testDatabaseManagerSavesAndLoadsMemory]' started.
Test Case '-[osx_ideTests.CodebaseIndexTests testDatabaseManagerSavesAndLoadsMemory]' passed (0.004 seconds).
Test Case '-[osx_ideTests.CodebaseIndexTests testSwiftParserExtractsClass]' started.
/Users/jack/Projects/osx/osx-ide/osx-ideTests/CodebaseIndexTests.swift:34: error: -[osx_ideTests.CodebaseIndexTests testSwiftParserExtractsClass] : XCTAssertTrue failed
Test Case '-[osx_ideTests.CodebaseIndexTests testSwiftParserExtractsClass]' failed (0.075 seconds).
Test Suite 'CodebaseIndexTests' failed at 2025-12-23 16:42:08.332.
	 Executed 3 tests, with 1 failure (0 unexpected) in 0.084 (0.085) seconds
Test Suite 'ConversationManagerTests' started at 2025-12-23 16:42:08.332.
Test Case '-[osx_ideTests.ConversationManagerTests testSendMessageFlow]' started.
Test Case '-[osx_ideTests.ConversationManagerTests testSendMessageFlow]' passed (0.204 seconds).
Test Case '-[osx_ideTests.ConversationManagerTests testWelcomeMessage]' started.
Test Case '-[osx_ideTests.ConversationManagerTests testWelcomeMessage]' passed (0.203 seconds).
Test Suite 'ConversationManagerTests' passed at 2025-12-23 16:42:08.740.
	 Executed 2 tests, with 0 failures (0 unexpected) in 0.407 (0.408) seconds
Test Suite 'FileTreeIsolationTests' started at 2025-12-23 16:42:08.740.
Test Case '-[osx_ideTests.FileTreeIsolationTests testChildOfUnexpectedItemDoesNotCrash]' started.
Test Case '-[osx_ideTests.FileTreeIsolationTests testChildOfUnexpectedItemDoesNotCrash]' passed (0.107 seconds).
Test Case '-[osx_ideTests.FileTreeIsolationTests testDataSourceConsistency]' started.
Test Case '-[osx_ideTests.FileTreeIsolationTests testDataSourceConsistency]' passed (0.708 seconds).
Test Case '-[osx_ideTests.FileTreeIsolationTests testNestedDirectoryChildrenCanBeLoadedSynchronously]' started.
Test Case '-[osx_ideTests.FileTreeIsolationTests testNestedDirectoryChildrenCanBeLoadedSynchronously]' passed (0.210 seconds).
Test Case '-[osx_ideTests.FileTreeIsolationTests testOutlineCellRenderingForNestedItemsDoesNotCrash]' started.
Test Case '-[osx_ideTests.FileTreeIsolationTests testOutlineCellRenderingForNestedItemsDoesNotCrash]' passed (0.211 seconds).
Test Case '-[osx_ideTests.FileTreeIsolationTests testRapidRootChange]' started.
Test Case '-[osx_ideTests.FileTreeIsolationTests testRapidRootChange]' passed (0.243 seconds).
Test Case '-[osx_ideTests.FileTreeIsolationTests testSearchTypingDoesNotCrashAndProducesResults]' started.
Test Case '-[osx_ideTests.FileTreeIsolationTests testSearchTypingDoesNotCrashAndProducesResults]' passed (0.131 seconds).
Test Suite 'FileTreeIsolationTests' passed at 2025-12-23 16:42:10.351.
	 Executed 6 tests, with 0 failures (0 unexpected) in 1.609 (1.611) seconds
Test Suite 'NativeTerminalEmbedderTests' started at 2025-12-23 16:42:10.352.
Test Case '-[osx_ideTests.NativeTerminalEmbedderTests testEnterSendsNewlineToShell]' started.
Test Case '-[osx_ideTests.NativeTerminalEmbedderTests testEnterSendsNewlineToShell]' passed (0.001 seconds).
Test Suite 'NativeTerminalEmbedderTests' passed at 2025-12-23 16:42:10.353.
	 Executed 1 test, with 0 failures (0 unexpected) in 0.001 (0.002) seconds
Test Suite 'NucleusTests' started at 2025-12-23 16:42:10.353.
Test Case '-[osx_ideTests.NucleusTests testCommandRegistryExecution]' started.
[CommandRegistry] Registered: test.command
[CommandRegistry] Executing: test.command
Test Case '-[osx_ideTests.NucleusTests testCommandRegistryExecution]' passed (0.101 seconds).
Test Case '-[osx_ideTests.NucleusTests testCommandRegistryHijacking]' started.
[CommandRegistry] Registered: test.hijack
[CommandRegistry] Registered: test.hijack
[CommandRegistry] Executing: test.hijack
Test Case '-[osx_ideTests.NucleusTests testCommandRegistryHijacking]' passed (0.102 seconds).
Test Case '-[osx_ideTests.NucleusTests testEventBusPublishSubscribe]' started.
Test Case '-[osx_ideTests.NucleusTests testEventBusPublishSubscribe]' passed (0.002 seconds).
Test Case '-[osx_ideTests.NucleusTests testUIRegistryRegistration]' started.
[UIRegistry] Registered 'TestView' at ide.sidebar.left
Test Case '-[osx_ideTests.NucleusTests testUIRegistryRegistration]' passed (0.001 seconds).
Test Suite 'NucleusTests' passed at 2025-12-23 16:42:10.562.
	 Executed 4 tests, with 0 failures (0 unexpected) in 0.207 (0.209) seconds
Test Suite 'ShellManagerTests' started at 2025-12-23 16:42:10.562.
Test Case '-[osx_ideTests.ShellManagerTests testConcurrentInput]' started.
Test Case '-[osx_ideTests.ShellManagerTests testConcurrentInput]' passed (1.223 seconds).
Test Case '-[osx_ideTests.ShellManagerTests testRapidRestart]' started.
Test Case '-[osx_ideTests.ShellManagerTests testRapidRestart]' passed (0.208 seconds).
Test Case '-[osx_ideTests.ShellManagerTests testShellLifecycle]' started.
Test Case '-[osx_ideTests.ShellManagerTests testShellLifecycle]' passed (1.700 seconds).
Test Suite 'ShellManagerTests' passed at 2025-12-23 16:42:13.694.
	 Executed 3 tests, with 0 failures (0 unexpected) in 3.130 (3.132) seconds
Test Suite 'TerminalStressTests' started at 2025-12-23 16:42:13.694.
Test Case '-[osx_ideTests.TerminalStressTests testRapidOutputBursts]' started.
Test Case '-[osx_ideTests.TerminalStressTests testRapidOutputBursts]' passed (1.688 seconds).
Test Case '-[osx_ideTests.TerminalStressTests testRapidReEmbedding]' started.
Test Case '-[osx_ideTests.TerminalStressTests testRapidReEmbedding]' passed (0.023 seconds).
Test Suite 'TerminalStressTests' passed at 2025-12-23 16:42:15.407.
	 Executed 2 tests, with 0 failures (0 unexpected) in 1.711 (1.712) seconds
Test Suite 'ZshCompletionTests' started at 2025-12-23 16:42:15.407.
Test Case '-[osx_ideTests.ZshCompletionTests testZshDoubleTabProducesCompletionOutput]' started.
Test Case '-[osx_ideTests.ZshCompletionTests testZshDoubleTabProducesCompletionOutput]' passed (0.860 seconds).
Test Suite 'ZshCompletionTests' passed at 2025-12-23 16:42:16.268.
	 Executed 1 test, with 0 failures (0 unexpected) in 0.860 (0.861) seconds
Test Suite 'osx-ideTests.xctest' failed at 2025-12-23 16:42:16.268.
	 Executed 22 tests, with 1 failure (0 unexpected) in 8.010 (8.021) seconds
Test Suite 'All tests' failed at 2025-12-23 16:42:16.269.
	 Executed 22 tests, with 1 failure (0 unexpected) in 8.010 (8.022) seconds
◇ Test run started.
↳ Testing Library Version: 1501
↳ Target Platform: arm64e-apple-macos14.0
◇ Suite osx_ideTests started.
◇ Test testAppStateInitialization() started.
✔ Test testAppStateInitialization() passed after 0.002 seconds.
◇ Test testLanguageDetection() started.
✔ Test testLanguageDetection() passed after 0.001 seconds.
◇ Test testNewFileFunctionality() started.
✔ Test testNewFileFunctionality() passed after 0.001 seconds.
◇ Test testCodeSelectionContext() started.
✔ Test testCodeSelectionContext() passed after 0.001 seconds.
◇ Test testSyntaxHighlighter() started.
✔ Test testSyntaxHighlighter() passed after 0.001 seconds.
◇ Test testHighlightingPerformance() started.
✔ Test testHighlightingPerformance() passed after 0.001 seconds.
◇ Test testErrorHandling() started.
[2025-12-23T12:42:16Z] [critical] Unknown error: Test error
✔ Test testErrorHandling() passed after 0.001 seconds.
◇ Test testFileOperationsWithCleanup() started.
✔ Test testFileOperationsWithCleanup() passed after 0.014 seconds.
✔ Suite osx_ideTests passed after 0.021 seconds.
◇ Suite "Nucleus Architecture Tests" started.
◇ Test commandRegistryExecution() started.
[CommandRegistry] Registered: test.command
[CommandRegistry] Executing: test.command
✔ Test commandRegistryExecution() passed after 0.008 seconds.
◇ Test commandRegistryHijacking() started.
[CommandRegistry] Registered: test.hijack
[CommandRegistry] Registered: test.hijack
[CommandRegistry] Executing: test.hijack
✔ Test commandRegistryHijacking() passed after 0.001 seconds.
◇ Test uiRegistryRegistration() started.
[UIRegistry] Registered 'TestView' at ide.sidebar.left
✔ Test uiRegistryRegistration() passed after 0.001 seconds.
✔ Suite "Nucleus Architecture Tests" passed after 0.009 seconds.
✔ Test run with 11 tests in 2 suites passed after 0.031 seconds.
2025-12-23 16:42:17.120101+0400 osx-ideUITests-Runner[72854:4749554] [Default] Running tests...
2025-12-23 16:42:17.122738+0400 osx-ideUITests-Runner[72854:4749574] [User Defaults] CFPrefsPlistSource<0x1077c4f40> (Domain: kCFPreferencesAnyApplication, User: kCFPreferencesCurrentUser, ByHost: No, Container: (null), Contents Need Refresh: No): Value for key AppleLanguages was (
    "en-AE"
). Expected (
    "en-AE",
    "pl-AE"
) (UserAccountUpdater(1368): 2025-05-10 14:09:24 (PDT))
2025-12-23 16:43:17.220189+0400 osx-ideUITests-Runner[72854:4749554] [Default] Failed to initialize for UI testing: Error Domain=com.apple.dt.XCTest.XCTFuture Code=1000 "Timed out while enabling automation mode." UserInfo={NSLocalizedDescription=Timed out while enabling automation mode.}


*** If you believe this error represents a bug, please attach the result bundle at /Users/jack/Library/Developer/Xcode/DerivedData/osx-ide-eoaklgmzoruiukhbgdkrilmnzybq/Logs/Test/Test-osx-ide-2025.12.23_16-42-00-+0400.xcresult

2025-12-23 16:43:25.431 xcodebuild[72292:4747810] [MT] IDETestOperationsObserverDebug: 80.728 elapsed -- Testing started completed.
2025-12-23 16:43:25.431 xcodebuild[72292:4747810] [MT] IDETestOperationsObserverDebug: 0.000 sec, +0.000 sec -- start
2025-12-23 16:43:25.431 xcodebuild[72292:4747810] [MT] IDETestOperationsObserverDebug: 80.728 sec, +80.728 sec -- end

Test session results, code coverage, and logs:
	/Users/jack/Library/Developer/Xcode/DerivedData/osx-ide-eoaklgmzoruiukhbgdkrilmnzybq/Logs/Test/Test-osx-ide-2025.12.23_16-42-00-+0400.xcresult

Testing failed:
	osx-ideUITests-Runner (72854) encountered an error (The test runner failed to initialize for UI testing. (Underlying Error: Timed out while enabling automation mode.))

** TEST FAILED **

Testing started
